Component: ARM Compiler 5.06 update 5 (build 528) Tool: armlink [4d35e2]

==============================================================================

Small function inlining results

Inlined total of 0 calls.

==============================================================================

Section Cross References

    system_nuc100series.o(i.SystemCoreClockUpdate) refers to uidiv.o(.text) for __aeabi_uidivmod
    system_nuc100series.o(i.SystemCoreClockUpdate) refers to system_nuc100series.o(.data) for .data
    startup_nuc100series.o(RESET) refers to startup_nuc100series.o(STACK) for __initial_sp
    startup_nuc100series.o(RESET) refers to startup_nuc100series.o(.text) for Reset_Handler
    startup_nuc100series.o(RESET) refers to retarget.o(.emb_text) for HardFault_Handler
    startup_nuc100series.o(RESET) refers to main.o(i.TMR1_IRQHandler) for TMR1_IRQHandler
    startup_nuc100series.o(.text) refers to system_nuc100series.o(i.SystemInit) for SystemInit
    startup_nuc100series.o(.text) refers to entry.o(.ARM.Collect$$$$00000000) for __main
    clk.o(i.CLK_DisableCKO) refers to clk.o(i.CLK_DisableModuleClock) for CLK_DisableModuleClock
    clk.o(i.CLK_DisableModuleClock) refers to clk.o(.constdata) for .constdata
    clk.o(i.CLK_EnableCKO) refers to clk.o(i.CLK_EnableModuleClock) for CLK_EnableModuleClock
    clk.o(i.CLK_EnableCKO) refers to clk.o(i.CLK_SetModuleClock) for CLK_SetModuleClock
    clk.o(i.CLK_EnableModuleClock) refers to clk.o(.constdata) for .constdata
    clk.o(i.CLK_EnablePLL) refers to clk.o(i.CLK_WaitClockReady) for CLK_WaitClockReady
    clk.o(i.CLK_EnablePLL) refers to uidiv.o(.text) for __aeabi_uidivmod
    clk.o(i.CLK_GetCPUFreq) refers to system_nuc100series.o(i.SystemCoreClockUpdate) for SystemCoreClockUpdate
    clk.o(i.CLK_GetCPUFreq) refers to system_nuc100series.o(.data) for SystemCoreClock
    clk.o(i.CLK_GetHCLKFreq) refers to system_nuc100series.o(i.SystemCoreClockUpdate) for SystemCoreClockUpdate
    clk.o(i.CLK_GetHCLKFreq) refers to system_nuc100series.o(.data) for SystemCoreClock
    clk.o(i.CLK_GetPCLKFreq) refers to system_nuc100series.o(i.SystemCoreClockUpdate) for SystemCoreClockUpdate
    clk.o(i.CLK_GetPCLKFreq) refers to system_nuc100series.o(.data) for SystemCoreClock
    clk.o(i.CLK_SetCoreClock) refers to clk.o(i.CLK_EnablePLL) for CLK_EnablePLL
    clk.o(i.CLK_SetCoreClock) refers to clk.o(i.CLK_SetHCLK) for CLK_SetHCLK
    clk.o(i.CLK_SetHCLK) refers to system_nuc100series.o(i.SystemCoreClockUpdate) for SystemCoreClockUpdate
    clk.o(i.CLK_SetModuleClock) refers to clk.o(.constdata) for .constdata
    uart.o(i.CLK_GetPLLClockFreq) refers to uidiv.o(.text) for __aeabi_uidivmod
    uart.o(i.UART_Open) refers to uart.o(i.CLK_GetPLLClockFreq) for CLK_GetPLLClockFreq
    uart.o(i.UART_Open) refers to uidiv.o(.text) for __aeabi_uidivmod
    uart.o(i.UART_Open) refers to uart.o(.constdata) for .constdata
    uart.o(i.UART_SelectIrDAMode) refers to uart.o(i.CLK_GetPLLClockFreq) for CLK_GetPLLClockFreq
    uart.o(i.UART_SelectIrDAMode) refers to uidiv.o(.text) for __aeabi_uidivmod
    uart.o(i.UART_SelectIrDAMode) refers to uart.o(.constdata) for .constdata
    uart.o(i.UART_SetLine_Config) refers to uart.o(i.CLK_GetPLLClockFreq) for CLK_GetPLLClockFreq
    uart.o(i.UART_SetLine_Config) refers to uidiv.o(.text) for __aeabi_uidivmod
    uart.o(i.UART_SetLine_Config) refers to uart.o(.constdata) for .constdata
    spi.o(i.CLK_GetPLLClockFreq) refers to uidiv.o(.text) for __aeabi_uidivmod
    spi.o(i.SPI_GetBusClock) refers to clk.o(i.CLK_GetHCLKFreq) for CLK_GetHCLKFreq
    spi.o(i.SPI_GetBusClock) refers to spi.o(i.CLK_GetPLLClockFreq) for CLK_GetPLLClockFreq
    spi.o(i.SPI_GetBusClock) refers to uidiv.o(.text) for __aeabi_uidivmod
    spi.o(i.SPI_Open) refers to clk.o(i.CLK_GetHCLKFreq) for CLK_GetHCLKFreq
    spi.o(i.SPI_Open) refers to spi.o(i.CLK_GetPLLClockFreq) for CLK_GetPLLClockFreq
    spi.o(i.SPI_Open) refers to uidiv.o(.text) for __aeabi_uidivmod
    spi.o(i.SPI_SetBusClock) refers to clk.o(i.CLK_GetHCLKFreq) for CLK_GetHCLKFreq
    spi.o(i.SPI_SetBusClock) refers to spi.o(i.CLK_GetPLLClockFreq) for CLK_GetPLLClockFreq
    spi.o(i.SPI_SetBusClock) refers to uidiv.o(.text) for __aeabi_uidivmod
    retarget.o(.emb_text) refers to retarget.o(i.Hard_Fault_Handler) for Hard_Fault_Handler
    retarget.o(i.Hard_Fault_Handler) refers to printf5.o(i.__0printf$5) for __2printf
    retarget.o(i.Hard_Fault_Handler) refers to retarget.o(i.stackDump) for stackDump
    retarget.o(i.SendChar) refers to retarget.o(i.SendChar_ToUART) for SendChar_ToUART
    retarget.o(i._ttywrch) refers to retarget.o(i.SendChar_ToUART) for SendChar_ToUART
    retarget.o(i.fgetc) refers to retarget.o(i.GetChar) for GetChar
    retarget.o(i.fputc) refers to retarget.o(i.SendChar_ToUART) for SendChar_ToUART
    retarget.o(i.stackDump) refers to printf5.o(i.__0printf$5) for __2printf
[...]
    printf4.o(i.__0printf$4) refers to retarget.o(.data) for __stdout
    printf4.o(i.__0snprintf$4) refers to printf4.o(i._printf_core) for _printf_core
    printf4.o(i.__0snprintf$4) refers to printf4.o(i._snputc) for _snputc
    printf4.o(i.__0sprintf$4) refers to printf4.o(i._printf_core) for _printf_core
    printf4.o(i.__0sprintf$4) refers to printf4.o(i._sputc) for _sputc
    printf4.o(i.__0vfprintf$4) refers to printf4.o(i._printf_core) for _printf_core
    printf4.o(i.__0vfprintf$4) refers to retarget.o(i.fputc) for fputc
    printf4.o(i.__0vprintf$4) refers to printf4.o(i._printf_core) for _printf_core
    printf4.o(i.__0vprintf$4) refers to retarget.o(i.fputc) for fputc
    printf4.o(i.__0vprintf$4) refers to retarget.o(.data) for __stdout
    printf4.o(i.__0vsnprintf$4) refers to printf4.o(i._printf_core) for _printf_core
    printf4.o(i.__0vsnprintf$4) refers to printf4.o(i._snputc) for _snputc
    printf4.o(i.__0vsprintf$4) refers to printf4.o(i._printf_core) for _printf_core
    printf4.o(i.__0vsprintf$4) refers to printf4.o(i._sputc) for _sputc
    printf4.o(i._printf_core) refers to uldiv.o(.text) for __aeabi_uldivmod
    printf5.o(i.__0fprintf$5) refers to printf5.o(i._printf_core) for _printf_core
    printf5.o(i.__0fprintf$5) refers to retarget.o(i.fputc) for fputc
    printf5.o(i.__0printf$5) refers to printf5.o(i._printf_core) for _printf_core
    printf5.o(i.__0printf$5) refers to retarget.o(i.fputc) for fputc
    printf5.o(i.__0printf$5) refers to retarget.o(.data) for __stdout
    printf5.o(i.__0snprintf$5) refers to printf5.o(i._printf_core) for _printf_core
    printf5.o(i.__0snprintf$5) refers to printf5.o(i._snputc) for _snputc
    printf5.o(i.__0sprintf$5) refers to printf5.o(i._printf_core) for _printf_core
    printf5.o(i.__0sprintf$5) refers to printf5.o(i._sputc) for _sputc
    printf5.o(i.__0vfprintf$5) refers to printf5.o(i._printf_core) for _printf_core
    printf5.o(i.__0vfprintf$5) refers to retarget.o(i.fputc) for fputc
    printf5.o(i.__0vprintf$5) refers to printf5.o(i._printf_core) for _printf_core
    printf5.o(i.__0vprintf$5) refers to retarget.o(i.fputc) for fputc
    printf5.o(i.__0vprintf$5) refers to retarget.o(.data) for __stdout
    printf5.o(i.__0vsnprintf$5) refers to printf5.o(i._printf_core) for _printf_core
    printf5.o(i.__0vsnprintf$5) refers to printf5.o(i._snputc) for _snputc
    printf5.o(i.__0vsprintf$5) refers to printf5.o(i._printf_core) for _printf_core
    printf5.o(i.__0vsprintf$5) refers to printf5.o(i._sputc) for _sputc
    printf5.o(i._printf_core) refers to uldiv.o(.text) for __aeabi_uldivmod
    printf6.o(i.__0fprintf$6) refers to printf6.o(i._printf_core) for _printf_core
    printf6.o(i.__0fprintf$6) refers to retarget.o(i.fputc) for fputc
    printf6.o(i.__0printf$6) refers to printf6.o(i._printf_core) for _printf_core
    printf6.o(i.__0printf$6) refers to retarget.o(i.fputc) for fputc
    printf6.o(i.__0printf$6) refers to retarget.o(.data) for __stdout
    printf6.o(i.__0snprintf$6) refers to printf6.o(i._printf_core) for _printf_core
    printf6.o(i.__0snprintf$6) refers to printf6.o(i._snputc) for _snputc
    printf6.o(i.__0sprintf$6) refers to printf6.o(i._printf_core) for _printf_core
    printf6.o(i.__0sprintf$6) refers to printf6.o(i._sputc) for _sputc
    printf6.o(i.__0vfprintf$6) refers to printf6.o(i._printf_core) for _printf_core
    printf6.o(i.__0vfprintf$6) refers to retarget.o(i.fputc) for fputc
    printf6.o(i.__0vprintf$6) refers to printf6.o(i._printf_core) for _printf_core
    printf6.o(i.__0vprintf$6) refers to retarget.o(i.fputc) for fputc
    printf6.o(i.__0vprintf$6) refers to retarget.o(.data) for __stdout
    printf6.o(i.__0vsnprintf$6) refers to printf6.o(i._printf_core) for _printf_core
    printf6.o(i.__0vsnprintf$6) refers to printf6.o(i._snputc) for _snputc
    printf6.o(i.__0vsprintf$6) refers to printf6.o(i._printf_core) for _printf_core
    printf6.o(i.__0vsprintf$6) refers to printf6.o(i._sputc) for _sputc
    printf6.o(i._printf_core) refers to printf6.o(i._printf_pre_padding) for _printf_pre_padding
    printf6.o(i._printf_core) refers to printf6.o(i._printf_post_padding) for _printf_post_padding
    printf6.o(i._printf_core) refers to uidiv.o(.text) for __aeabi_uidivmod
    printf7.o(i.__0fprintf$7) refers to printf7.o(i._printf_core) for _printf_core
    printf7.o(i.__0fprintf$7) refers to retarget.o(i.fputc) for fputc
    printf7.o(i.__0printf$7) refers to printf7.o(i._printf_core) for _printf_core
    printf7.o(i.__0printf$7) refers to retarget.o(i.fputc) for fputc
    printf7.o(i.__0printf$7) refers to retarget.o(.data) for __stdout
    printf7.o(i.__0snprintf$7) refers to printf7.o(i._printf_core) for _printf_core
    printf7.o(i.__0snprintf$7) refers to printf7.o(i._snputc) for _snputc
    printf7.o(i.__0sprintf$7) refers to printf7.o(i._printf_core) for _printf_core
    printf7.o(i.__0sprintf$7) refers to printf7.o(i._sputc) for _sputc
    printf7.o(i.__0vfprintf$7) refers to printf7.o(i._printf_core) for _printf_core
    printf7.o(i.__0vfprintf$7) refers to retarget.o(i.fputc) for fputc
    printf7.o(i.__0vprintf$7) refers to printf7.o(i._printf_core) for _printf_core
    printf7.o(i.__0vprintf$7) refers to retarget.o(i.fputc) for fputc
    printf7.o(i.__0vprintf$7) refers to retarget.o(.data) for __stdout
    printf7.o(i.__0vsnprintf$7) refers to printf7.o(i._printf_core) for _printf_core
    printf7.o(i.__0vsnprintf$7) refers to printf7.o(i._snputc) for _snputc
    printf7.o(i.__0vsprintf$7) refers to printf7.o(i._printf_core) for _printf_core
    printf7.o(i.__0vsprintf$7) refers to printf7.o(i._sputc) for _sputc
    printf7.o(i._printf_core) refers to printf7.o(i._printf_pre_padding) for _printf_pre_padding
    printf7.o(i._printf_core) refers to printf7.o(i._printf_post_padding) for _printf_post_padding
    printf7.o(i._printf_core) refers to uldiv.o(.text) for __aeabi_uldivmod
    printf8.o(i.__0fprintf$8) refers to printf8.o(i._printf_core) for _printf_core
    printf8.o(i.__0fprintf$8) refers to retarget.o(i.fputc) for fputc
    printf8.o(i.__0printf$8) refers to printf8.o(i._printf_core) for _printf_core
    printf8.o(i.__0printf$8) refers to retarget.o(i.fputc) for fputc
    printf8.o(i.__0printf$8) refers to retarget.o(.data) for __stdout
    printf8.o(i.__0snprintf$8) refers to printf8.o(i._printf_core) for _printf_core
    printf8.o(i.__0snprintf$8) refers to printf8.o(i._snputc) for _snputc
    printf8.o(i.__0sprintf$8) refers to printf8.o(i._printf_core) for _printf_core
    printf8.o(i.__0sprintf$8) refers to printf8.o(i._sputc) for _sputc
    printf8.o(i.__0vfprintf$8) refers to printf8.o(i._printf_core) for _printf_core
    printf8.o(i.__0vfprintf$8) refers to retarget.o(i.fputc) for fputc
    printf8.o(i.__0vprintf$8) refers to printf8.o(i._printf_core) for _printf_core
    printf8.o(i.__0vprintf$8) refers to retarget.o(i.fputc) for fputc
    printf8.o(i.__0vprintf$8) refers to retarget.o(.data) for __stdout
    printf8.o(i.__0vsnprintf$8) refers to printf8.o(i._printf_core) for _printf_core
    printf8.o(i.__0vsnprintf$8) refers to printf8.o(i._snputc) for _snputc
    printf8.o(i.__0vsprintf$8) refers to printf8.o(i._printf_core) for _printf_core
    printf8.o(i.__0vsprintf$8) refers to printf8.o(i._sputc) for _sputc
    printf8.o(i._printf_core) refers to printf8.o(i._printf_pre_padding) for _printf_pre_padding
    printf8.o(i._printf_core) refers to printf8.o(i._printf_post_padding) for _printf_post_padding
    printf8.o(i._printf_core) refers to uldiv.o(.text) for __aeabi_uldivmod
    printfa.o(i.__0fprintf) refers (Special) to iusefp.o(.text) for __I$use$fp
    printfa.o(i.__0fprintf) refers to printfa.o(i._printf_core) for _printf_core
    printfa.o(i.__0fprintf) refers to retarget.o(i.fputc) for fputc
    printfa.o(i.__0printf) refers (Special) to iusefp.o(.text) for __I$use$fp
    printfa.o(i.__0printf) refers to printfa.o(i._printf_core) for _printf_core
    printfa.o(i.__0printf) refers to retarget.o(i.fputc) for fputc
    printfa.o(i.__0printf) refers to retarget.o(.data) for __stdout
    printfa.o(i.__0snprintf) refers (Special) to iusefp.o(.text) for __I$use$fp
    printfa.o(i.__0snprintf) refers to printfa.o(i._printf_core) for _printf_core
    printfa.o(i.__0snprintf) refers to printfa.o(i._snputc) for _snputc
    printfa.o(i.__0sprintf) refers (Special) to iusefp.o(.text) for __I$use$fp
    printfa.o(i.__0sprintf) refers to printfa.o(i._printf_core) for _printf_core
    printfa.o(i.__0sprintf) refers to printfa.o(i._sputc) for _sputc
    printfa.o(i.__0vfprintf) refers (Special) to iusefp.o(.text) for __I$use$fp
    printfa.o(i.__0vfprintf) refers to printfa.o(i._printf_core) for _printf_core
    printfa.o(i.__0vfprintf) refers to retarget.o(i.fputc) for fputc
    printfa.o(i.__0vprintf) refers (Special) to iusefp.o(.text) for __I$use$fp
    printfa.o(i.__0vprintf) refers to printfa.o(i._printf_core) for _printf_core
    printfa.o(i.__0vprintf) refers to retarget.o(i.fputc) for fputc
    printfa.o(i.__0vprintf) refers to retarget.o(.data) for __stdout
    printfa.o(i.__0vsnprintf) refers (Special) to iusefp.o(.text) for __I$use$fp
    printfa.o(i.__0vsnprintf) refers to printfa.o(i._printf_core) for _printf_core
    printfa.o(i.__0vsnprintf) refers to printfa.o(i._snputc) for _snputc
    printfa.o(i.__0vsprintf) refers (Special) to iusefp.o(.text) for __I$use$fp
    printfa.o(i.__0vsprintf) refers to printfa.o(i._printf_core) for _printf_core
    printfa.o(i.__0vsprintf) refers to printfa.o(i._sputc) for _sputc
    printfa.o(i._fp_digits) refers (Special) to iusefp.o(.text) for __I$use$fp
    printfa.o(i._fp_digits) refers to dmul.o(.text) for __aeabi_dmul
    printfa.o(i._fp_digits) refers to ddiv.o(.text) for __aeabi_ddiv
    printfa.o(i._fp_digits) refers to cdrcmple.o(.text) for __aeabi_cdrcmple
    printfa.o(i._fp_digits) refers to dadd.o(.text) for __aeabi_dadd
    printfa.o(i._fp_digits) refers to dfixul.o(.text) for __aeabi_d2ulz
    printfa.o(i._fp_digits) refers to uldiv.o(.text) for __aeabi_uldivmod
    printfa.o(i._printf_core) refers (Special) to iusefp.o(.text) for __I$use$fp
    printfa.o(i._printf_core) refers to printfa.o(i._printf_pre_padding) for _printf_pre_padding
    printfa.o(i._printf_core) refers to uldiv.o(.text) for __aeabi_uldivmod
    printfa.o(i._printf_core) refers to printfa.o(i._printf_post_padding) for _printf_post_padding
    printfa.o(i._printf_core) refers to printfa.o(i._fp_digits) for _fp_digits
    printfa.o(i._printf_core) refers to uidiv.o(.text) for __aeabi_uidivmod
    printfa.o(i._printf_post_padding) refers (Special) to iusefp.o(.text) for __I$use$fp
    printfa.o(i._printf_pre_padding) refers (Special) to iusefp.o(.text) for __I$use$fp
    printfa.o(i._snputc) refers (Special) to iusefp.o(.text) for __I$use$fp
    printfa.o(i._sputc) refers (Special) to iusefp.o(.text) for __I$use$fp
    fadd.o(.text) refers (Special) to iusefp.o(.text) for __I$use$fp
    fadd.o(.text) refers to fepilogue.o(.text) for _float_epilogue
    fmul.o(.text) refers (Special) to iusefp.o(.text) for __I$use$fp
    fdiv.o(.text) refers (Special) to iusefp.o(.text) for __I$use$fp
    fdiv.o(.text) refers to fepilogue.o(.text) for _float_round
    fscalb.o(.text) refers (Special) to iusefp.o(.text) for __I$use$fp
    dadd.o(.text) refers (Special) to iusefp.o(.text) for __I$use$fp
    dadd.o(.text) refers to llshl.o(.text) for __aeabi_llsl
    dadd.o(.text) refers to llsshr.o(.text) for __aeabi_lasr
    dadd.o(.text) refers to depilogue.o(.text) for _double_epilogue
    dmul.o(.text) refers (Special) to iusefp.o(.text) for __I$use$fp
    dmul.o(.text) refers to depilogue.o(.text) for _double_epilogue
    fflti.o(.text) refers (Special) to iusefp.o(.text) for __I$use$fp
    fflti.o(.text) refers to fepilogue.o(.text) for _float_epilogue
    dflti.o(.text) refers (Special) to iusefp.o(.text) for __I$use$fp
    dflti.o(.text) refers to depilogue.o(.text) for _double_epilogue
    ffixi.o(.text) refers (Special) to iusefp.o(.text) for __I$use$fp
    dfixi.o(.text) refers (Special) to iusefp.o(.text) for __I$use$fp
    dfixi.o(.text) refers to llushr.o(.text) for __aeabi_llsr
    f2d.o(.text) refers (Special) to iusefp.o(.text) for __I$use$fp
    d2f.o(.text) refers (Special) to iusefp.o(.text) for __I$use$fp
    d2f.o(.text) refers to fepilogue.o(.text) for _float_round
    dunder.o(i.__mathlib_dbl_divzero) refers to ddiv.o(.text) for __aeabi_ddiv
    dunder.o(i.__mathlib_dbl_infnan) refers to dscalb.o(.text) for __ARM_scalbn
    dunder.o(i.__mathlib_dbl_infnan2) refers to dadd.o(.text) for __aeabi_dadd
    dunder.o(i.__mathlib_dbl_invalid) refers to ddiv.o(.text) for __aeabi_ddiv
    dunder.o(i.__mathlib_dbl_overflow) refers to dscalb.o(.text) for __ARM_scalbn
    dunder.o(i.__mathlib_dbl_posinfnan) refers to dmul.o(.text) for __aeabi_dmul
    dunder.o(i.__mathlib_dbl_underflow) refers to dscalb.o(.text) for __ARM_scalbn
    fpclassify.o(i.__ARM_fpclassify) refers (Special) to iusefp.o(.text) for __I$use$fp
    poly.o(i.__kernel_poly) refers (Special) to iusefp.o(.text) for __I$use$fp
    poly.o(i.__kernel_poly) refers to dmul.o(.text) for __aeabi_dmul
    poly.o(i.__kernel_poly) refers to dadd.o(.text) for __aeabi_dadd
    qnan.o(.constdata) refers (Special) to iusefp.o(.text) for __I$use$fp
    entry2.o(.ARM.Collect$$$$00000001) refers to entry2.o(.ARM.Collect$$$$00002712) for __lit__00000000
    entry2.o(.ARM.Collect$$$$00002712) refers to startup_nuc100series.o(STACK) for __initial_sp
    entry2.o(__vectab_stack_and_reset_area) refers to startup_nuc100series.o(STACK) for __initial_sp
    entry2.o(__vectab_stack_and_reset_area) refers to entry.o(.ARM.Collect$$$$00000000) for __main
    entry5.o(.ARM.Collect$$$$00000004) refers to init.o(.text) for __scatterload
    entry9a.o(.ARM.Collect$$$$0000000B) refers to main.o(i.main) for main
    entry9b.o(.ARM.Collect$$$$0000000C) refers to main.o(i.main) for main
    uldiv.o(.text) refers to llushr.o(.text) for __aeabi_llsr
    uldiv.o(.text) refers to llshl.o(.text) for __aeabi_llsl
    errno.o(i.__aeabi_errno_addr) refers to errno.o(.data) for .data
    errno.o(i.__read_errno) refers to errno.o(.data) for .data
    errno.o(i.__set_errno) refers to errno.o(.data) for .data
    depilogue.o(.text) refers to depilogue.o(i.__ARM_clz) for __ARM_clz
    depilogue.o(.text) refers to llshl.o(.text) for __aeabi_llsl
    depilogue.o(.text) refers to llushr.o(.text) for __aeabi_llsr
    ddiv.o(.text) refers to depilogue.o(.text) for _double_round
    dsqrt.o(.text) refers to llushr.o(.text) for __aeabi_llsr
    dsqrt.o(.text) refers to depilogue.o(.text) for _double_round
    dfixul.o(.text) refers to llushr.o(.text) for __aeabi_llsr
    dfixul.o(.text) refers to llshl.o(.text) for __aeabi_llsl
    init.o(.text) refers to entry5.o(.ARM.Collect$$$$00000004) for __main_after_scatterload


==============================================================================

Removing Unused input sections from the image.

    Removing system_nuc100series.o(.rev16_text), (4 bytes).
    Removing system_nuc100series.o(.revsh_text), (4 bytes).
    Removing startup_nuc100series.o(HEAP), (0 bytes).
    Removing sys.o(.rev16_text), (4 bytes).
    Removing sys.o(.revsh_text), (4 bytes).
    Removing sys.o(i.SYS_ClearResetSrc), (12 bytes).
    Removing sys.o(i.SYS_DisableBOD), (14 bytes).
    Removing sys.o(i.SYS_EnableBOD), (36 bytes).
    Removing sys.o(i.SYS_GetBODStatus), (12 bytes).
    Removing sys.o(i.SYS_GetResetSrc), (8 bytes).
    Removing sys.o(i.SYS_IsRegLocked), (16 bytes).
    Removing sys.o(i.SYS_ReadPDID), (8 bytes).
    Removing sys.o(i.SYS_ResetCPU), (14 bytes).
    Removing sys.o(i.SYS_ResetChip), (14 bytes).
    Removing sys.o(i.SYS_ResetModule), (26 bytes).
    Removing clk.o(.rev16_text), (4 bytes).
    Removing clk.o(.revsh_text), (4 bytes).
    Removing clk.o(i.CLK_DisableCKO), (16 bytes).
    Removing clk.o(i.CLK_DisableModuleClock), (48 bytes).
    Removing clk.o(i.CLK_DisablePLL), (16 bytes).
    Removing clk.o(i.CLK_DisableSysTick), (12 bytes).
    Removing clk.o(i.CLK_DisableXtalRC), (16 bytes).
    Removing clk.o(i.CLK_EnableCKO), (40 bytes).
    Removing clk.o(i.CLK_EnableSysTick), (56 bytes).
    Removing clk.o(i.CLK_GetCPUFreq), (16 bytes).
    Removing clk.o(i.CLK_GetHXTFreq), (20 bytes).
    Removing clk.o(i.CLK_GetLXTFreq), (24 bytes).
    Removing clk.o(i.CLK_GetPCLKFreq), (16 bytes).
    Removing clk.o(i.CLK_Idle), (32 bytes).
    Removing clk.o(i.CLK_PowerDown), (36 bytes).
    Removing clk.o(i.CLK_SetSysTickClockSrc), (20 bytes).
    Removing uart.o(.rev16_text), (4 bytes).
    Removing uart.o(.revsh_text), (4 bytes).
    Removing uart.o(i.UART_ClearIntFlag), (56 bytes).
    Removing uart.o(i.UART_Close), (6 bytes).
    Removing uart.o(i.UART_DisableFlowCtrl), (12 bytes).
    Removing uart.o(i.UART_DisableInt), (48 bytes).
    Removing uart.o(i.UART_EnableFlowCtrl), (30 bytes).
    Removing uart.o(i.UART_EnableInt), (48 bytes).
    Removing uart.o(i.UART_Read), (44 bytes).
    Removing uart.o(i.UART_SelectIrDAMode), (132 bytes).
    Removing uart.o(i.UART_SelectLINMode), (24 bytes).
    Removing uart.o(i.UART_SelectRS485Mode), (32 bytes).
    Removing uart.o(i.UART_SetLine_Config), (128 bytes).
    Removing uart.o(i.UART_SetTimeoutCnt), (22 bytes).
    Removing uart.o(i.UART_Write), (44 bytes).
    Removing gpio.o(.rev16_text), (4 bytes).
    Removing gpio.o(.revsh_text), (4 bytes).
    Removing gpio.o(i.GPIO_DisableInt), (28 bytes).
    Removing gpio.o(i.GPIO_EnableInt), (26 bytes).
    Removing spi.o(.rev16_text), (4 bytes).
    Removing spi.o(.revsh_text), (4 bytes).
    Removing spi.o(i.SPI_ClearIntFlag), (48 bytes).
    Removing spi.o(i.SPI_ClearRxFIFO), (10 bytes).
    Removing spi.o(i.SPI_ClearTxFIFO), (10 bytes).
    Removing spi.o(i.SPI_Close), (72 bytes).
    Removing spi.o(i.SPI_DisableFIFO), (12 bytes).
    Removing spi.o(i.SPI_DisableInt), (80 bytes).
    Removing spi.o(i.SPI_EnableAutoSS), (18 bytes).
    Removing spi.o(i.SPI_EnableFIFO), (30 bytes).
    Removing spi.o(i.SPI_EnableInt), (80 bytes).
    Removing spi.o(i.SPI_GetBusClock), (100 bytes).
    Removing spi.o(i.SPI_GetIntFlag), (88 bytes).
    Removing spi.o(i.SPI_GetStatus), (74 bytes).
    Removing spi.o(i.SPI_SetBusClock), (284 bytes).
    Removing retarget.o(.rev16_text), (4 bytes).
    Removing retarget.o(.revsh_text), (4 bytes).
    Removing retarget.o(i.GetChar), (20 bytes).
    Removing retarget.o(i.IsDebugFifoEmpty), (16 bytes).
    Removing retarget.o(i.SendChar), (8 bytes).
    Removing retarget.o(i._ttywrch), (8 bytes).
    Removing retarget.o(i.ferror), (6 bytes).
    Removing retarget.o(i.fgetc), (8 bytes).
    Removing retarget.o(i.kbhit), (16 bytes).
    Removing retarget.o(.data), (4 bytes).
    Removing timer.o(.rev16_text), (4 bytes).
    Removing timer.o(.revsh_text), (4 bytes).
    Removing timer.o(i.TIMER_Close), (8 bytes).
    Removing timer.o(i.TIMER_Delay), (196 bytes).
    Removing timer.o(i.TIMER_DisableCapture), (10 bytes).
    Removing timer.o(i.TIMER_DisableEventCounter), (12 bytes).
    Removing timer.o(i.TIMER_EnableCapture), (20 bytes).
    Removing timer.o(i.TIMER_EnableEventCounter), (22 bytes).
    Removing main.o(.rev16_text), (4 bytes).
    Removing main.o(.revsh_text), (4 bytes).
    Removing main.o(.bss), (16 bytes).
    Removing main.o(.bss), (16 bytes).
    Removing main.o(.data), (1 bytes).
    Removing main.o(.data), (4 bytes).
    Removing main.o(.data), (8 bytes).
    Removing main.o(.data), (8 bytes).
    Removing main.o(.data), (8 bytes).
    Removing sys_init.o(.rev16_text), (4 bytes).
    Removing sys_init.o(.revsh_text), (4 bytes).
    Removing lcd.o(.rev16_text), (4 bytes).
    Removing lcd.o(.revsh_text), (4 bytes).
    Removing lcd.o(i.draw_Bmp120x8), (74 bytes).
    Removing lcd.o(i.draw_Bmp16x24), (102 bytes).
    Removing lcd.o(i.draw_Bmp16x32), (102 bytes).
    Removing lcd.o(i.draw_Bmp16x40), (102 bytes).
    Removing lcd.o(i.draw_Bmp16x48), (102 bytes).
    Removing lcd.o(i.draw_Bmp16x64), (102 bytes).
    Removing lcd.o(i.draw_Bmp16x8), (74 bytes).
    Removing lcd.o(i.draw_Bmp32x16), (132 bytes).
    Removing lcd.o(i.draw_Bmp32x32), (132 bytes).
    Removing lcd.o(i.draw_Bmp32x48), (132 bytes).
    Removing lcd.o(i.draw_Bmp32x64), (132 bytes).
    Removing lcd.o(i.draw_Bmp32x8), (74 bytes).
    Removing lcd.o(i.draw_Bmp8x16), (124 bytes).
    Removing lcd.o(i.draw_LCD), (48 bytes).
    Removing lcd.o(i.printC), (92 bytes).
    Removing lcd.o(i.printC_5x7), (80 bytes).
    Removing lcd.o(i.printS), (42 bytes).
    Removing lcd.o(i.printS_5x7), (42 bytes).
    Removing lcd.o(i.print_Line), (36 bytes).
    Removing lcd.o(.data), (2000 bytes).
    Removing scankey.o(.rev16_text), (4 bytes).
    Removing scankey.o(.revsh_text), (4 bytes).
    Removing scankey.o(i.OpenKeyPad), (72 bytes).
    Removing scankey.o(i.delay), (14 bytes).
    Removing dfixul.o(.text), (64 bytes).
    Removing cdcmple.o(.text), (40 bytes).

122 unused section(s) (total 6539 bytes) removed from the image.

==============================================================================

Image Symbol Table

    Local Symbols

    Symbol Name                              Value     Ov Type        Size  Object(Section)

    RESET                                    0x00000000   Section      192  startup_nuc100series.o(RESET)
    ../clib/microlib/division.c              0x00000000   Number         0  uidiv.o ABSOLUTE
    ../clib/microlib/division.c              0x00000000   Number         0  idiv.o ABSOLUTE
    ../clib/microlib/division.c              0x00000000   Number         0  uldiv.o ABSOLUTE
    ../clib/microlib/errno.c                 0x00000000   Number         0  errno.o ABSOLUTE
    ../clib/microlib/init/entry.s            0x00000000   Number         0  entry7b.o ABSOLUTE
    ../clib/microlib/init/entry.s            0x00000000   Number         0  entry9b.o ABSOLUTE
    ../clib/microlib/init/entry.s            0x00000000   Number         0  entry7a.o ABSOLUTE
    ../clib/microlib/init/entry.s            0x00000000   Number         0  entry5.o ABSOLUTE
    ../clib/microlib/init/entry.s            0x00000000   Number         0  entry10a.o ABSOLUTE
    ../clib/microlib/init/entry.s            0x00000000   Number         0  entry11b.o ABSOLUTE
    ../clib/microlib/init/entry.s            0x00000000   Number         0  entry2.o ABSOLUTE
    ../clib/microlib/init/entry.s            0x00000000   Number         0  entry10b.o ABSOLUTE
    ../clib/microlib/init/entry.s            0x00000000   Number         0  entry11a.o ABSOLUTE
    ../clib/microlib/init/entry.s            0x00000000   Number         0  entry.o ABSOLUTE
    ../clib/microlib/init/entry.s            0x00000000   Number         0  entry8b.o ABSOLUTE
    ../clib/microlib/init/entry.s            0x00000000   Number         0  entry8a.o ABSOLUTE
    ../clib/microlib/init/entry.s            0x00000000   Number         0  entry9a.o ABSOLUTE
    ../clib/microlib/longlong.c              0x00000000   Number         0  llshl.o ABSOLUTE
    ../clib/microlib/longlong.c              0x00000000   Number         0  llushr.o ABSOLUTE
    ../clib/microlib/longlong.c              0x00000000   Number         0  llsshr.o ABSOLUTE
    ../clib/microlib/printf/printf.c         0x00000000   Number         0  printf0.o ABSOLUTE
    ../clib/microlib/printf/printf.c         0x00000000   Number         0  printfb.o ABSOLUTE
    ../clib/microlib/printf/printf.c         0x00000000   Number         0  printf8.o ABSOLUTE
    ../clib/microlib/printf/printf.c         0x00000000   Number         0  printf7.o ABSOLUTE
    ../clib/microlib/printf/printf.c         0x00000000   Number         0  printf6.o ABSOLUTE
    ../clib/microlib/printf/printf.c         0x00000000   Number         0  printfa.o ABSOLUTE
    ../clib/microlib/printf/printf.c         0x00000000   Number         0  printf5.o ABSOLUTE
    ../clib/microlib/printf/printf.c         0x00000000   Number         0  printf4.o ABSOLUTE
    ../clib/microlib/printf/printf.c         0x00000000   Number         0  printf3.o ABSOLUTE
    ../clib/microlib/printf/printf.c         0x00000000   Number         0  printf1.o ABSOLUTE
    ../clib/microlib/printf/printf.c         0x00000000   Number         0  printf2.o ABSOLUTE
    ../clib/microlib/printf/stubs.s          0x00000000   Number         0  stubs.o ABSOLUTE
    ../clib/microlib/stdlib/rand.c           0x00000000   Number         0  rand.o ABSOLUTE
    ../clib/microlib/string/memcpy.c         0x00000000   Number         0  memcpyb.o ABSOLUTE
    ../clib/microlib/string/memcpy.c         0x00000000   Number         0  memcpya.o ABSOLUTE
    ../clib/microlib/string/strlen.c         0x00000000   Number         0  strlen.o ABSOLUTE
    ../clib/microlib/stubs.s                 0x00000000   Number         0  iusefp.o ABSOLUTE
    ../fplib/microlib/d2f.c                  0x00000000   Number         0  d2f.o ABSOLUTE
    ../fplib/microlib/f2d.c                  0x00000000   Number         0  f2d.o ABSOLUTE
    ../fplib/microlib/fpadd.c                0x00000000   Number         0  fadd.o ABSOLUTE
    ../fplib/microlib/fpadd.c                0x00000000   Number         0  dadd.o ABSOLUTE
    ../fplib/microlib/fpdiv.c                0x00000000   Number         0  fdiv.o ABSOLUTE
    ../fplib/microlib/fpdiv.c                0x00000000   Number         0  ddiv.o ABSOLUTE
    ../fplib/microlib/fpepilogue.c           0x00000000   Number         0  fepilogue.o ABSOLUTE
    ../fplib/microlib/fpepilogue.c           0x00000000   Number         0  depilogue.o ABSOLUTE
    ../fplib/microlib/fpfix.c                0x00000000   Number         0  dfixi.o ABSOLUTE
    ../fplib/microlib/fpfix.c                0x00000000   Number         0  dfixul.o ABSOLUTE
    ../fplib/microlib/fpfix.c                0x00000000   Number         0  ffixi.o ABSOLUTE
    ../fplib/microlib/fpflt.c                0x00000000   Number         0  dflti.o ABSOLUTE
    ../fplib/microlib/fpflt.c                0x00000000   Number         0  fflti.o ABSOLUTE
    ../fplib/microlib/fpmul.c                0x00000000   Number         0  fmul.o ABSOLUTE
    ../fplib/microlib/fpmul.c                0x00000000   Number         0  dmul.o ABSOLUTE
    ../fplib/microlib/fpscalb.c              0x00000000   Number         0  fscalb.o ABSOLUTE
    ../fplib/microlib/fpscalb.c              0x00000000   Number         0  dscalb.o ABSOLUTE
    ../fplib/microlib/fpsqrt.c               0x00000000   Number         0  dsqrt.o ABSOLUTE
    ../mathlib/dunder.c                      0x00000000   Number         0  dunder.o ABSOLUTE
    ../mathlib/fpclassify.c                  0x00000000   Number         0  fpclassify.o ABSOLUTE
    ../mathlib/poly.c                        0x00000000   Number         0  poly.o ABSOLUTE
    ../mathlib/pow.c                         0x00000000   Number         0  pow_x.o ABSOLUTE
    ../mathlib/pow.c                         0x00000000   Number         0  pow.o ABSOLUTE
    ../mathlib/qnan.c                        0x00000000   Number         0  qnan.o ABSOLUTE
    ../mathlib/sqrt.c                        0x00000000   Number         0  sqrt.o ABSOLUTE
    ../mathlib/sqrt.c                        0x00000000   Number         0  sqrt_x.o ABSOLUTE
    ..\..\..\..\Library\Device\Nuvoton\NUC100Series\Source\ARM\startup_NUC100Series.s 0x00000000   Number         0  startup_nuc100series.o ABSOLUTE
    ..\..\..\..\Library\Device\Nuvoton\NUC100Series\Source\system_NUC100Series.c 0x00000000   Number         0  system_nuc100series.o ABSOLUTE
    ..\..\..\..\Library\Nu-LB-NUC140\Source\LCD.c 0x00000000   Number         0  lcd.o ABSOLUTE
    ..\..\..\..\Library\Nu-LB-NUC140\Source\SYS_init.c 0x00000000   Number         0  sys_init.o ABSOLUTE
    ..\..\..\..\Library\Nu-LB-NUC140\Source\Scankey.c 0x00000000   Number         0  scankey.o ABSOLUTE
    ..\..\..\..\Library\StdDriver\src\clk.c  0x00000000   Number         0  clk.o ABSOLUTE
    ..\..\..\..\Library\StdDriver\src\gpio.c 0x00000000   Number         0  gpio.o ABSOLUTE
    ..\..\..\..\Library\StdDriver\src\retarget.c 0x00000000   Number         0  retarget.o ABSOLUTE
    ..\..\..\..\Library\StdDriver\src\spi.c  0x00000000   Number         0  spi.o ABSOLUTE
    ..\..\..\..\Library\StdDriver\src\sys.c  0x00000000   Number         0  sys.o ABSOLUTE
    ..\..\..\..\Library\StdDriver\src\timer.c 0x00000000   Number         0  timer.o ABSOLUTE
    ..\..\..\..\Library\StdDriver\src\uart.c 0x00000000   Number         0  uart.o ABSOLUTE
    ..\\..\\..\\..\\Library\\Device\\Nuvoton\\NUC100Series\\Source\\system_NUC100Series.c 0x00000000   Number         0  system_nuc100series.o ABSOLUTE
    ..\\..\\..\\..\\Library\\Nu-LB-NUC140\\Source\\LCD.c 0x00000000   Number         0  lcd.o ABSOLUTE
    ..\\..\\..\\..\\Library\\Nu-LB-NUC140\\Source\\SYS_init.c 0x00000000   Number         0  sys_init.o ABSOLUTE
    ..\\..\\..\\..\\Library\\Nu-LB-NUC140\\Source\\Scankey.c 0x00000000   Number         0  scankey.o ABSOLUTE
    ..\\..\\..\\..\\Library\\StdDriver\\src\\clk.c 0x00000000   Number         0  clk.o ABSOLUTE
    ..\\..\\..\\..\\Library\\StdDriver\\src\\gpio.c 0x00000000   Number         0  gpio.o ABSOLUTE
    ..\\..\\..\\..\\Library\\StdDriver\\src\\retarget.c 0x00000000   Number         0  retarget.o ABSOLUTE
    ..\\..\\..\\..\\Library\\StdDriver\\src\\spi.c 0x00000000   Number         0  spi.o ABSOLUTE
    ..\\..\\..\\..\\Library\\StdDriver\\src\\sys.c 0x00000000   Number         0  sys.o ABSOLUTE
    ..\\..\\..\\..\\Library\\StdDriver\\src\\timer.c 0x00000000   Number         0  timer.o ABSOLUTE
    ..\\..\\..\\..\\Library\\StdDriver\\src\\uart.c 0x00000000   Number         0  uart.o ABSOLUTE
    ..\\main.c                               0x00000000   Number         0  main.o ABSOLUTE
    ..\main.c                                0x00000000   Number         0  main.o ABSOLUTE
    cdcmple.s                                0x00000000   Number         0  cdcmple.o ABSOLUTE
    cdrcmple.s                               0x00000000   Number         0  cdrcmple.o ABSOLUTE
    handlers.s                               0x00000000   Number         0  handlers.o ABSOLUTE
    init.s                                   0x00000000   Number         0  init.o ABSOLUTE
    .ARM.Collect$$$$00000000                 0x000000c0   Section        0  entry.o(.ARM.Collect$$$$00000000)
    .ARM.Collect$$$$00000001                 0x000000c0   Section        4  entry2.o(.ARM.Collect$$$$00000001)
    .ARM.Collect$$$$00000004                 0x000000c4   Section        4  entry5.o(.ARM.Collect$$$$00000004)
    .ARM.Collect$$$$00000008                 0x000000c8   Section        0  entry7b.o(.ARM.Collect$$$$00000008)
    .ARM.Collect$$$$0000000A                 0x000000c8   Section        0  entry8b.o(.ARM.Collect$$$$0000000A)
    .ARM.Collect$$$$0000000B                 0x000000c8   Section        8  entry9a.o(.ARM.Collect$$$$0000000B)
    .ARM.Collect$$$$0000000D                 0x000000d0   Section        0  entry10a.o(.ARM.Collect$$$$0000000D)
    .ARM.Collect$$$$0000000F                 0x000000d0   Section        0  entry11a.o(.ARM.Collect$$$$0000000F)
    .ARM.Collect$$$$00002712                 0x000000d0   Section        4  entry2.o(.ARM.Collect$$$$00002712)
    __lit__00000000                          0x000000d0   Data           4  entry2.o(.ARM.Collect$$$$00002712)
    .emb_text                                0x000000d4   Section       28  retarget.o(.emb_text)
    .text                                    0x000000f0   Section       76  startup_nuc100series.o(.text)
    Default_Handler                          0x0000011b   Thumb Code     2  startup_nuc100series.o(.text)
    .text                                    0x0000013c   Section        0  uidiv.o(.text)
    .text                                    0x00000168   Section        0  idiv.o(.text)
    .text                                    0x00000190   Section        0  rand.o(.text)
    .text                                    0x000001b4   Section        0  memcpya.o(.text)
    .text                                    0x000001d8   Section        0  fadd.o(.text)
    .text                                    0x0000028a   Section        0  fmul.o(.text)
    .text                                    0x00000304   Section        0  fdiv.o(.text)
    .text                                    0x00000380   Section        0  fscalb.o(.text)
    .text                                    0x00000398   Section        0  dadd.o(.text)
    .text                                    0x000004fc   Section        0  dmul.o(.text)
    .text                                    0x000005cc   Section        0  fflti.o(.text)
    .text                                    0x000005e4   Section        0  dflti.o(.text)
    .text                                    0x0000060c   Section        0  ffixi.o(.text)
    .text                                    0x00000640   Section        0  dfixi.o(.text)
    .text                                    0x00000688   Section        0  f2d.o(.text)
    .text                                    0x000006b0   Section        0  d2f.o(.text)
    .text                                    0x000006e8   Section        0  uldiv.o(.text)
    .text                                    0x00000748   Section        0  llshl.o(.text)
    .text                                    0x00000768   Section        0  llushr.o(.text)
    .text                                    0x0000078a   Section        0  llsshr.o(.text)
    .text                                    0x000007b0   Section        0  iusefp.o(.text)
    .text                                    0x000007b0   Section        0  fepilogue.o(.text)
    .text                                    0x00000832   Section        0  depilogue.o(.text)
    .text                                    0x000008f0   Section        0  ddiv.o(.text)
    .text                                    0x000009e0   Section        0  dscalb.o(.text)
    .text                                    0x00000a0c   Section        0  dsqrt.o(.text)
    .text                                    0x00000ab0   Section       40  cdrcmple.o(.text)
    .text                                    0x00000ad8   Section       36  init.o(.text)
    i.CLK_EnableModuleClock                  0x00000afc   Section        0  clk.o(i.CLK_EnableModuleClock)
    i.CLK_EnablePLL                          0x00000b2c   Section        0  clk.o(i.CLK_EnablePLL)
    i.CLK_EnableXtalRC                       0x00000cc4   Section        0  clk.o(i.CLK_EnableXtalRC)
    i.CLK_GetHCLKFreq                        0x00000cd4   Section        0  clk.o(i.CLK_GetHCLKFreq)
    i.CLK_GetPLLClockFreq                    0x00000ce4   Section        0  uart.o(i.CLK_GetPLLClockFreq)
    CLK_GetPLLClockFreq                      0x00000ce5   Thumb Code    70  uart.o(i.CLK_GetPLLClockFreq)
    i.CLK_GetPLLClockFreq                    0x00000d3c   Section        0  spi.o(i.CLK_GetPLLClockFreq)
    CLK_GetPLLClockFreq                      0x00000d3d   Thumb Code    70  spi.o(i.CLK_GetPLLClockFreq)
    i.CLK_SetCoreClock                       0x00000d94   Section        0  clk.o(i.CLK_SetCoreClock)
    i.CLK_SetHCLK                            0x00000e0c   Section        0  clk.o(i.CLK_SetHCLK)
    i.CLK_SetModuleClock                     0x00000e54   Section        0  clk.o(i.CLK_SetModuleClock)
    i.CLK_SysTickDelay                       0x00000f20   Section        0  main.o(i.CLK_SysTickDelay)
    CLK_SysTickDelay                         0x00000f21   Thumb Code    28  main.o(i.CLK_SysTickDelay)
    i.CLK_WaitClockReady                     0x00000f44   Section        0  clk.o(i.CLK_WaitClockReady)
    i.GPIO_SetMode                           0x00000f70   Section        0  gpio.o(i.GPIO_SetMode)
    i.Hard_Fault_Handler                     0x00000f98   Section        0  retarget.o(i.Hard_Fault_Handler)
    __tagsym$$used                           0x00000f99   Number         0  retarget.o(i.Hard_Fault_Handler)
    i.Init_Bullet                            0x00000fc0   Section        0  main.o(i.Init_Bullet)
    i.Init_Hp                                0x00000fd8   Section        0  main.o(i.Init_Hp)
    i.Init_Timer1                            0x00000fe4   Section        0  main.o(i.Init_Timer1)
    i.Init_UART                              0x00001020   Section        0  main.o(i.Init_UART)
    i.NextTurn                               0x00001034   Section        0  main.o(i.NextTurn)
    i.P1shut                                 0x00001048   Section        0  main.o(i.P1shut)
    i.P2shut                                 0x00001440   Section        0  main.o(i.P2shut)
    i.SPI_DisableAutoSS                      0x00001860   Section        0  spi.o(i.SPI_DisableAutoSS)
    i.SPI_Open                               0x0000186c   Section        0  spi.o(i.SPI_Open)
    i.SYS_Init                               0x000019d8   Section        0  sys_init.o(i.SYS_Init)
    i.ScanDown                               0x00001a88   Section        0  main.o(i.ScanDown)
    i.ScanKey                                0x00001ab0   Section        0  scankey.o(i.ScanKey)
    i.ScreenFull                             0x00001b3c   Section        0  main.o(i.ScreenFull)
    i.SendChar_ToUART                        0x00001b64   Section        0  retarget.o(i.SendChar_ToUART)
    i.Show_Hp                                0x00001b84   Section        0  main.o(i.Show_Hp)
    i.Show_Logo                              0x00001c30   Section        0  main.o(i.Show_Logo)
    i.Show_Power                             0x00001c44   Section        0  main.o(i.Show_Power)
    i.Show_Sel                               0x00001d94   Section        0  main.o(i.Show_Sel)
    i.Show_SelFirst                          0x00001e14   Section        0  main.o(i.Show_SelFirst)
    i.Show_Throw_P1                          0x00001ef4   Section        0  main.o(i.Show_Throw_P1)
    i.Show_Throw_P2                          0x00002048   Section        0  main.o(i.Show_Throw_P2)
    i.Show_View_0                            0x0000219c   Section        0  main.o(i.Show_View_0)
    i.Show_Wind                              0x000021ec   Section        0  main.o(i.Show_Wind)
    i.SystemCoreClockUpdate                  0x00002258   Section        0  system_nuc100series.o(i.SystemCoreClockUpdate)
    i.SystemInit                             0x000022e8   Section        0  system_nuc100series.o(i.SystemInit)
    i.TIMER_GetModuleClock                   0x000022ec   Section        0  timer.o(i.TIMER_GetModuleClock)
    i.TIMER_Open                             0x00002354   Section        0  timer.o(i.TIMER_Open)
    i.TMR1_IRQHandler                        0x000023b4   Section        0  main.o(i.TMR1_IRQHandler)
    i.UART_Open                              0x00002774   Section        0  uart.o(i.UART_Open)
    i.__0printf$5                            0x000027fc   Section        0  printf5.o(i.__0printf$5)
    i.__ARM_clz                              0x0000281c   Section        0  depilogue.o(i.__ARM_clz)
    i.__ARM_common_switch8                   0x0000284a   Section        0  main.o(i.__ARM_common_switch8)
    i.__ARM_fpclassify                       0x00002864   Section        0  fpclassify.o(i.__ARM_fpclassify)
    i.__kernel_poly                          0x00002890   Section        0  poly.o(i.__kernel_poly)
    i.__mathlib_dbl_divzero                  0x0000293c   Section        0  dunder.o(i.__mathlib_dbl_divzero)
    i.__mathlib_dbl_infnan2                  0x00002950   Section        0  dunder.o(i.__mathlib_dbl_infnan2)
    i.__mathlib_dbl_invalid                  0x00002958   Section        0  dunder.o(i.__mathlib_dbl_invalid)
    i.__mathlib_dbl_overflow                 0x00002968   Section        0  dunder.o(i.__mathlib_dbl_overflow)
    i.__mathlib_dbl_underflow                0x0000297c   Section        0  dunder.o(i.__mathlib_dbl_underflow)
    i.__scatterload_copy                     0x00002990   Section       14  handlers.o(i.__scatterload_copy)
    i.__scatterload_null                     0x0000299e   Section        2  handlers.o(i.__scatterload_null)
    i.__scatterload_zeroinit                 0x000029a0   Section       14  handlers.o(i.__scatterload_zeroinit)
    i.__set_errno                            0x000029b0   Section        0  errno.o(i.__set_errno)
    i._printf_core                           0x000029bc   Section        0  printf5.o(i._printf_core)
    _printf_core                             0x000029bd   Thumb Code   688  printf5.o(i._printf_core)
    i.anslope_aim                            0x00002c98   Section        0  main.o(i.anslope_aim)
    i.arrayToBmp8X8                          0x00002da8   Section        0  main.o(i.arrayToBmp8X8)
    i.cal                                    0x00002df0   Section        0  main.o(i.cal)
    i.clear_LCD                              0x00002e2c   Section        0  lcd.o(i.clear_LCD)
    i.draw_Bmp16x16                          0x00002e80   Section        0  lcd.o(i.draw_Bmp16x16)
    i.draw_Bmp64x64                          0x00002ee6   Section        0  lcd.o(i.draw_Bmp64x64)
    i.draw_Bmp8x8                            0x00002f6a   Section        0  lcd.o(i.draw_Bmp8x8)
    i.draw_Pixel                             0x00002fb4   Section        0  lcd.o(i.draw_Pixel)
    i.fputc                                  0x00002ffc   Section        0  retarget.o(i.fputc)
    i.init_LCD                               0x00003008   Section        0  lcd.o(i.init_LCD)
    i.init_SPI3                              0x00003030   Section        0  lcd.o(i.init_SPI3)
    i.lcdSetAddr                             0x00003054   Section        0  lcd.o(i.lcdSetAddr)
    i.lcdWriteCommand                        0x000030c4   Section        0  lcd.o(i.lcdWriteCommand)
    i.lcdWriteData                           0x000030ec   Section        0  lcd.o(i.lcdWriteData)
    i.main                                   0x00003118   Section        0  main.o(i.main)
    i.pow                                    0x000035dc   Section        0  pow.o(i.pow)
    i.slope_aim                              0x00003fd8   Section        0  main.o(i.slope_aim)
    i.sqrt                                   0x000040e8   Section        0  sqrt.o(i.sqrt)
    i.stackDump                              0x00004130   Section        0  retarget.o(i.stackDump)
    stackDump                                0x00004131   Thumb Code    70  retarget.o(i.stackDump)
    .constdata                               0x000041d8   Section       56  clk.o(.constdata)
    .constdata                               0x00004210   Section       48  uart.o(.constdata)
    .constdata                               0x00004240   Section       32  timer.o(.constdata)
    .constdata                               0x00004260   Section      136  pow.o(.constdata)
    bp                                       0x00004260   Data          16  pow.o(.constdata)
    dp_h                                     0x00004270   Data          16  pow.o(.constdata)
    dp_l                                     0x00004280   Data          16  pow.o(.constdata)
    L                                        0x00004290   Data          48  pow.o(.constdata)
    P                                        0x000042c0   Data          40  pow.o(.constdata)
    .constdata                               0x000042e8   Section        8  qnan.o(.constdata)
    .data                                    0x20000000   Section       44  system_nuc100series.o(.data)
    .data                                    0x2000002c   Section        4  retarget.o(.data)
    .data                                    0x20000030   Section     8496  main.o(.data)
    .data                                    0x20002160   Section        4  rand.o(.data)
    _rand_state                              0x20002160   Data           4  rand.o(.data)
    .data                                    0x20002164   Section        4  errno.o(.data)
    _errno                                   0x20002164   Data           4  errno.o(.data)
    .bss                                     0x20002168   Section      304  main.o(.bss)
    .bss                                     0x20002298   Section     1024  lcd.o(.bss)
    STACK                                    0x20002698   Section     1024  startup_nuc100series.o(STACK)

    Global Symbols

    Symbol Name                              Value     Ov Type        Size  Object(Section)

    BuildAttributes$$THM_ISAv3M$S$PE$A:L22$X:L11$S22$IEEE1$IW$USESV6$~STKCKD$USESV7$~SHL$OTIME$ROPI$IEEEX$EBA8$MICROLIB$REQ8$PRES8$EABIv2 0x00000000   Number         0  anon$$obj.o ABSOLUTE
    __ARM_use_no_argv                        0x00000000   Number         0  main.o ABSOLUTE
    __Vectors                                0x00000000   Data           4  startup_nuc100series.o(RESET)
    _printf_a                                0x00000000   Number         0  stubs.o ABSOLUTE
    _printf_c                                0x00000000   Number         0  stubs.o ABSOLUTE
    _printf_charcount                        0x00000000   Number         0  stubs.o ABSOLUTE
    _printf_d                                0x00000000   Number         0  stubs.o ABSOLUTE
    _printf_e                                0x00000000   Number         0  stubs.o ABSOLUTE
    _printf_f                                0x00000000   Number         0  stubs.o ABSOLUTE
    _printf_flags                            0x00000000   Number         0  stubs.o ABSOLUTE
    _printf_fp_dec                           0x00000000   Number         0  stubs.o ABSOLUTE
    _printf_fp_hex                           0x00000000   Number         0  stubs.o ABSOLUTE
    _printf_g                                0x00000000   Number         0  stubs.o ABSOLUTE
    _printf_i                                0x00000000   Number         0  stubs.o ABSOLUTE
    _printf_int_dec                          0x00000000   Number         0  stubs.o ABSOLUTE
    _printf_l                                0x00000000   Number         0  stubs.o ABSOLUTE
    _printf_lc                               0x00000000   Number         0  stubs.o ABSOLUTE
    _printf_ll                               0x00000000   Number         0  stubs.o ABSOLUTE
    _printf_lld                              0x00000000   Number         0  stubs.o ABSOLUTE
    _printf_lli                              0x00000000   Number         0  stubs.o ABSOLUTE
    _printf_llo                              0x00000000   Number         0  stubs.o ABSOLUTE
    _printf_llu                              0x00000000   Number         0  stubs.o ABSOLUTE
    _printf_llx                              0x00000000   Number         0  stubs.o ABSOLUTE
    _printf_longlong_dec                     0x00000000   Number         0  stubs.o ABSOLUTE
    _printf_longlong_hex                     0x00000000   Number         0  stubs.o ABSOLUTE
    _printf_longlong_oct                     0x00000000   Number         0  stubs.o ABSOLUTE
    _printf_ls                               0x00000000   Number         0  stubs.o ABSOLUTE
    _printf_mbtowc                           0x00000000   Number         0  stubs.o ABSOLUTE
    _printf_n                                0x00000000   Number         0  stubs.o ABSOLUTE
    _printf_o                                0x00000000   Number         0  stubs.o ABSOLUTE
    _printf_p                                0x00000000   Number         0  stubs.o ABSOLUTE
    _printf_percent                          0x00000000   Number         0  stubs.o ABSOLUTE
    _printf_pre_padding                      0x00000000   Number         0  stubs.o ABSOLUTE
    _printf_return_value                     0x00000000   Number         0  stubs.o ABSOLUTE
    _printf_s                                0x00000000   Number         0  stubs.o ABSOLUTE
    _printf_sizespec                         0x00000000   Number         0  stubs.o ABSOLUTE
    _printf_str                              0x00000000   Number         0  stubs.o ABSOLUTE
    _printf_truncate_signed                  0x00000000   Number         0  stubs.o ABSOLUTE
    _printf_truncate_unsigned                0x00000000   Number         0  stubs.o ABSOLUTE
    _printf_u                                0x00000000   Number         0  stubs.o ABSOLUTE
    _printf_wc                               0x00000000   Number         0  stubs.o ABSOLUTE
    _printf_wctomb                           0x00000000   Number         0  stubs.o ABSOLUTE
    _printf_widthprec                        0x00000000   Number         0  stubs.o ABSOLUTE
    _printf_x                                0x00000000   Number         0  stubs.o ABSOLUTE
    __cpp_initialize__aeabi_                  - Undefined Weak Reference
    __cxa_finalize                            - Undefined Weak Reference
    __decompress                              - Undefined Weak Reference
    _clock_init                               - Undefined Weak Reference
    _microlib_exit                            - Undefined Weak Reference
    __main                                   0x000000c1   Thumb Code     0  entry.o(.ARM.Collect$$$$00000000)
    _main_stk                                0x000000c1   Thumb Code     0  entry2.o(.ARM.Collect$$$$00000001)
    _main_scatterload                        0x000000c5   Thumb Code     0  entry5.o(.ARM.Collect$$$$00000004)
    __main_after_scatterload                 0x000000c9   Thumb Code     0  entry5.o(.ARM.Collect$$$$00000004)
    _main_clock                              0x000000c9   Thumb Code     0  entry7b.o(.ARM.Collect$$$$00000008)
    _main_cpp_init                           0x000000c9   Thumb Code     0  entry8b.o(.ARM.Collect$$$$0000000A)
    _main_init                               0x000000c9   Thumb Code     0  entry9a.o(.ARM.Collect$$$$0000000B)
    __rt_final_cpp                           0x000000d1   Thumb Code     0  entry10a.o(.ARM.Collect$$$$0000000D)
    __rt_final_exit                          0x000000d1   Thumb Code     0  entry11a.o(.ARM.Collect$$$$0000000F)
    HardFault_Handler                        0x000000d5   Thumb Code    24  retarget.o(.emb_text)
    Reset_Handler                            0x000000f1   Thumb Code    32  startup_nuc100series.o(.text)
    NMI_Handler                              0x00000111   Thumb Code     2  startup_nuc100series.o(.text)
    SVC_Handler                              0x00000115   Thumb Code     2  startup_nuc100series.o(.text)
    PendSV_Handler                           0x00000117   Thumb Code     2  startup_nuc100series.o(.text)
    SysTick_Handler                          0x00000119   Thumb Code     2  startup_nuc100series.o(.text)
    ACMP_IRQHandler                          0x0000011b   Thumb Code     0  startup_nuc100series.o(.text)
    ADC_IRQHandler                           0x0000011b   Thumb Code     0  startup_nuc100series.o(.text)
    BOD_IRQHandler                           0x0000011b   Thumb Code     0  startup_nuc100series.o(.text)
    CAN0_IRQHandler                          0x0000011b   Thumb Code     0  startup_nuc100series.o(.text)
    CAN1_IRQHandler                          0x0000011b   Thumb Code     0  startup_nuc100series.o(.text)
    EINT0_IRQHandler                         0x0000011b   Thumb Code     0  startup_nuc100series.o(.text)
    EINT1_IRQHandler                         0x0000011b   Thumb Code     0  startup_nuc100series.o(.text)
    GPAB_IRQHandler                          0x0000011b   Thumb Code     0  startup_nuc100series.o(.text)
    GPCDEF_IRQHandler                        0x0000011b   Thumb Code     0  startup_nuc100series.o(.text)
    I2C0_IRQHandler                          0x0000011b   Thumb Code     0  startup_nuc100series.o(.text)
    I2C1_IRQHandler                          0x0000011b   Thumb Code     0  startup_nuc100series.o(.text)
    I2S_IRQHandler                           0x0000011b   Thumb Code     0  startup_nuc100series.o(.text)
    PDMA_IRQHandler                          0x0000011b   Thumb Code     0  startup_nuc100series.o(.text)
    PS2_IRQHandler                           0x0000011b   Thumb Code     0  startup_nuc100series.o(.text)
    PWMA_IRQHandler                          0x0000011b   Thumb Code     0  startup_nuc100series.o(.text)
    PWMB_IRQHandler                          0x0000011b   Thumb Code     0  startup_nuc100series.o(.text)
    PWRWU_IRQHandler                         0x0000011b   Thumb Code     0  startup_nuc100series.o(.text)
    RTC_IRQHandler                           0x0000011b   Thumb Code     0  startup_nuc100series.o(.text)
    SC012_IRQHandler                         0x0000011b   Thumb Code     0  startup_nuc100series.o(.text)
    SPI0_IRQHandler                          0x0000011b   Thumb Code     0  startup_nuc100series.o(.text)
    SPI1_IRQHandler                          0x0000011b   Thumb Code     0  startup_nuc100series.o(.text)
    SPI2_IRQHandler                          0x0000011b   Thumb Code     0  startup_nuc100series.o(.text)
    SPI3_IRQHandler                          0x0000011b   Thumb Code     0  startup_nuc100series.o(.text)
    TMR0_IRQHandler                          0x0000011b   Thumb Code     0  startup_nuc100series.o(.text)
    TMR2_IRQHandler                          0x0000011b   Thumb Code     0  startup_nuc100series.o(.text)
    TMR3_IRQHandler                          0x0000011b   Thumb Code     0  startup_nuc100series.o(.text)
    UART02_IRQHandler                        0x0000011b   Thumb Code     0  startup_nuc100series.o(.text)
    UART1_IRQHandler                         0x0000011b   Thumb Code     0  startup_nuc100series.o(.text)
    USBD_IRQHandler                          0x0000011b   Thumb Code     0  startup_nuc100series.o(.text)
    WDT_IRQHandler                           0x0000011b   Thumb Code     0  startup_nuc100series.o(.text)
    __aeabi_uidiv                            0x0000013d   Thumb Code     0  uidiv.o(.text)
    __aeabi_uidivmod                         0x0000013d   Thumb Code    44  uidiv.o(.text)
    __aeabi_idiv                             0x00000169   Thumb Code     0  idiv.o(.text)
    __aeabi_idivmod                          0x00000169   Thumb Code    40  idiv.o(.text)
    rand                                     0x00000191   Thumb Code    18  rand.o(.text)
    srand                                    0x000001a3   Thumb Code     6  rand.o(.text)
    __aeabi_memcpy                           0x000001b5   Thumb Code    36  memcpya.o(.text)
    __aeabi_memcpy4                          0x000001b5   Thumb Code     0  memcpya.o(.text)
    __aeabi_memcpy8                          0x000001b5   Thumb Code     0  memcpya.o(.text)
    __aeabi_fadd                             0x000001d9   Thumb Code   162  fadd.o(.text)
    __aeabi_fsub                             0x0000027b   Thumb Code     8  fadd.o(.text)
    __aeabi_frsub                            0x00000283   Thumb Code     8  fadd.o(.text)
    __aeabi_fmul                             0x0000028b   Thumb Code   122  fmul.o(.text)
    __aeabi_fdiv                             0x00000305   Thumb Code   124  fdiv.o(.text)
    __ARM_scalbnf                            0x00000381   Thumb Code    24  fscalb.o(.text)
    scalbnf                                  0x00000381   Thumb Code     0  fscalb.o(.text)
    __aeabi_dadd                             0x00000399   Thumb Code   328  dadd.o(.text)
    __aeabi_dsub                             0x000004e1   Thumb Code    12  dadd.o(.text)
    __aeabi_drsub                            0x000004ed   Thumb Code    12  dadd.o(.text)
    __aeabi_dmul                             0x000004fd   Thumb Code   202  dmul.o(.text)
    __aeabi_i2f                              0x000005cd   Thumb Code    22  fflti.o(.text)
    __aeabi_i2d                              0x000005e5   Thumb Code    34  dflti.o(.text)
    __aeabi_f2iz                             0x0000060d   Thumb Code    50  ffixi.o(.text)
    __aeabi_d2iz                             0x00000641   Thumb Code    62  dfixi.o(.text)
    __aeabi_f2d                              0x00000689   Thumb Code    40  f2d.o(.text)
    __aeabi_d2f                              0x000006b1   Thumb Code    56  d2f.o(.text)
    __aeabi_uldivmod                         0x000006e9   Thumb Code    96  uldiv.o(.text)
    __aeabi_llsl                             0x00000749   Thumb Code    32  llshl.o(.text)
    _ll_shift_l                              0x00000749   Thumb Code     0  llshl.o(.text)
    __aeabi_llsr                             0x00000769   Thumb Code    34  llushr.o(.text)
    _ll_ushift_r                             0x00000769   Thumb Code     0  llushr.o(.text)
    __aeabi_lasr                             0x0000078b   Thumb Code    38  llsshr.o(.text)
    _ll_sshift_r                             0x0000078b   Thumb Code     0  llsshr.o(.text)
    __I$use$fp                               0x000007b1   Thumb Code     0  iusefp.o(.text)
    _float_round                             0x000007b1   Thumb Code    16  fepilogue.o(.text)
    _float_epilogue                          0x000007c1   Thumb Code   114  fepilogue.o(.text)
    _double_round                            0x00000833   Thumb Code    26  depilogue.o(.text)
    _double_epilogue                         0x0000084d   Thumb Code   164  depilogue.o(.text)
    __aeabi_ddiv                             0x000008f1   Thumb Code   234  ddiv.o(.text)
    __ARM_scalbn                             0x000009e1   Thumb Code    44  dscalb.o(.text)
    scalbn                                   0x000009e1   Thumb Code     0  dscalb.o(.text)
    _dsqrt                                   0x00000a0d   Thumb Code   162  dsqrt.o(.text)
    __aeabi_cdrcmple                         0x00000ab1   Thumb Code    38  cdrcmple.o(.text)
    __scatterload                            0x00000ad9   Thumb Code    28  init.o(.text)
    __scatterload_rt2                        0x00000ad9   Thumb Code     0  init.o(.text)
    CLK_EnableModuleClock                    0x00000afd   Thumb Code    40  clk.o(i.CLK_EnableModuleClock)
    CLK_EnablePLL                            0x00000b2d   Thumb Code   348  clk.o(i.CLK_EnablePLL)
    CLK_EnableXtalRC                         0x00000cc5   Thumb Code    10  clk.o(i.CLK_EnableXtalRC)
    CLK_GetHCLKFreq                          0x00000cd5   Thumb Code    12  clk.o(i.CLK_GetHCLKFreq)
    CLK_SetCoreClock                         0x00000d95   Thumb Code   112  clk.o(i.CLK_SetCoreClock)
    CLK_SetHCLK                              0x00000e0d   Thumb Code    66  clk.o(i.CLK_SetHCLK)
    CLK_SetModuleClock                       0x00000e55   Thumb Code   180  clk.o(i.CLK_SetModuleClock)
    CLK_WaitClockReady                       0x00000f45   Thumb Code    34  clk.o(i.CLK_WaitClockReady)
    GPIO_SetMode                             0x00000f71   Thumb Code    40  gpio.o(i.GPIO_SetMode)
    Hard_Fault_Handler                       0x00000f99   Thumb Code    16  retarget.o(i.Hard_Fault_Handler)
    Init_Bullet                              0x00000fc1   Thumb Code    20  main.o(i.Init_Bullet)
    Init_Hp                                  0x00000fd9   Thumb Code     8  main.o(i.Init_Hp)
    Init_Timer1                              0x00000fe5   Thumb Code    48  main.o(i.Init_Timer1)
    Init_UART                                0x00001021   Thumb Code    14  main.o(i.Init_UART)
    NextTurn                                 0x00001035   Thumb Code    20  main.o(i.NextTurn)
    P1shut                                   0x00001049   Thumb Code   988  main.o(i.P1shut)
    P2shut                                   0x00001441   Thumb Code  1056  main.o(i.P2shut)
    SPI_DisableAutoSS                        0x00001861   Thumb Code    10  spi.o(i.SPI_DisableAutoSS)
    SPI_Open                                 0x0000186d   Thumb Code   348  spi.o(i.SPI_Open)
    SYS_Init                                 0x000019d9   Thumb Code   156  sys_init.o(i.SYS_Init)
    ScanDown                                 0x00001a89   Thumb Code    38  main.o(i.ScanDown)
    ScanKey                                  0x00001ab1   Thumb Code   136  scankey.o(i.ScanKey)
    ScreenFull                               0x00001b3d   Thumb Code    36  main.o(i.ScreenFull)
    SendChar_ToUART                          0x00001b65   Thumb Code    26  retarget.o(i.SendChar_ToUART)
    Show_Hp                                  0x00001b85   Thumb Code   162  main.o(i.Show_Hp)
    Show_Logo                                0x00001c31   Thumb Code    12  main.o(i.Show_Logo)
    Show_Power                               0x00001c45   Thumb Code   328  main.o(i.Show_Power)
    Show_Sel                                 0x00001d95   Thumb Code   116  main.o(i.Show_Sel)
    Show_SelFirst                            0x00001e15   Thumb Code   190  main.o(i.Show_SelFirst)
    Show_Throw_P1                            0x00001ef5   Thumb Code   328  main.o(i.Show_Throw_P1)
    Show_Throw_P2                            0x00002049   Thumb Code   328  main.o(i.Show_Throw_P2)
    Show_View_0                              0x0000219d   Thumb Code    58  main.o(i.Show_View_0)
    Show_Wind                                0x000021ed   Thumb Code    92  main.o(i.Show_Wind)
    SystemCoreClockUpdate                    0x00002259   Thumb Code   118  system_nuc100series.o(i.SystemCoreClockUpdate)
    SystemInit                               0x000022e9   Thumb Code     2  system_nuc100series.o(i.SystemInit)
    TIMER_GetModuleClock                     0x000022ed   Thumb Code    82  timer.o(i.TIMER_GetModuleClock)
    TIMER_Open                               0x00002355   Thumb Code    94  timer.o(i.TIMER_Open)
    TMR1_IRQHandler                          0x000023b5   Thumb Code   936  main.o(i.TMR1_IRQHandler)
    UART_Open                                0x00002775   Thumb Code   120  uart.o(i.UART_Open)
    __0printf$5                              0x000027fd   Thumb Code    24  printf5.o(i.__0printf$5)
    __1printf$5                              0x000027fd   Thumb Code     0  printf5.o(i.__0printf$5)
    __2printf                                0x000027fd   Thumb Code     0  printf5.o(i.__0printf$5)
    __ARM_clz                                0x0000281d   Thumb Code    46  depilogue.o(i.__ARM_clz)
    __ARM_common_switch8                     0x0000284b   Thumb Code    26  main.o(i.__ARM_common_switch8)
    __ARM_fpclassify                         0x00002865   Thumb Code    40  fpclassify.o(i.__ARM_fpclassify)
    __kernel_poly                            0x00002891   Thumb Code   172  poly.o(i.__kernel_poly)
    __mathlib_dbl_divzero                    0x0000293d   Thumb Code    16  dunder.o(i.__mathlib_dbl_divzero)
    __mathlib_dbl_infnan2                    0x00002951   Thumb Code     8  dunder.o(i.__mathlib_dbl_infnan2)
    __mathlib_dbl_invalid                    0x00002959   Thumb Code    16  dunder.o(i.__mathlib_dbl_invalid)
    __mathlib_dbl_overflow                   0x00002969   Thumb Code    16  dunder.o(i.__mathlib_dbl_overflow)
    __mathlib_dbl_underflow                  0x0000297d   Thumb Code    14  dunder.o(i.__mathlib_dbl_underflow)
    __scatterload_copy                       0x00002991   Thumb Code    14  handlers.o(i.__scatterload_copy)
    __scatterload_null                       0x0000299f   Thumb Code     2  handlers.o(i.__scatterload_null)
    __scatterload_zeroinit                   0x000029a1   Thumb Code    14  handlers.o(i.__scatterload_zeroinit)
    __set_errno                              0x000029b1   Thumb Code     6  errno.o(i.__set_errno)
    anslope_aim                              0x00002c99   Thumb Code   254  main.o(i.anslope_aim)
    arrayToBmp8X8                            0x00002da9   Thumb Code    72  main.o(i.arrayToBmp8X8)
    cal                                      0x00002df1   Thumb Code    58  main.o(i.cal)
    clear_LCD                                0x00002e2d   Thumb Code    78  lcd.o(i.clear_LCD)
    draw_Bmp16x16                            0x00002e81   Thumb Code   102  lcd.o(i.draw_Bmp16x16)
    draw_Bmp64x64                            0x00002ee7   Thumb Code   132  lcd.o(i.draw_Bmp64x64)
    draw_Bmp8x8                              0x00002f6b   Thumb Code    74  lcd.o(i.draw_Bmp8x8)
    draw_Pixel                               0x00002fb5   Thumb Code    66  lcd.o(i.draw_Pixel)
    fputc                                    0x00002ffd   Thumb Code    12  retarget.o(i.fputc)
    init_LCD                                 0x00003009   Thumb Code    38  lcd.o(i.init_LCD)
    init_SPI3                                0x00003031   Thumb Code    28  lcd.o(i.init_SPI3)
    lcdSetAddr                               0x00003055   Thumb Code   106  lcd.o(i.lcdSetAddr)
    lcdWriteCommand                          0x000030c5   Thumb Code    36  lcd.o(i.lcdWriteCommand)
    lcdWriteData                             0x000030ed   Thumb Code    40  lcd.o(i.lcdWriteData)
    main                                     0x00003119   Thumb Code  1200  main.o(i.main)
    pow                                      0x000035dd   Thumb Code  2548  pow.o(i.pow)
    slope_aim                                0x00003fd9   Thumb Code   254  main.o(i.slope_aim)
    sqrt                                     0x000040e9   Thumb Code    66  sqrt.o(i.sqrt)
    __mathlib_zero                           0x000042e8   Data           8  qnan.o(.constdata)
    Region$$Table$$Base                      0x000042f0   Number         0  anon$$obj.o(Region$$Table)
    Region$$Table$$Limit                     0x00004310   Number         0  anon$$obj.o(Region$$Table)
    SystemCoreClock                          0x20000000   Data           4  system_nuc100series.o(.data)
    CyclesPerUs                              0x20000004   Data           4  system_nuc100series.o(.data)
    PllClock                                 0x20000008   Data           4  system_nuc100series.o(.data)
    gau32ClkSrcTbl                           0x2000000c   Data          32  system_nuc100series.o(.data)
    __stdout                                 0x2000002c   Data           4  retarget.o(.data)
    RandomTime                               0x20000030   Data           4  main.o(.data)
    BulletFlyTime                            0x20000034   Data           4  main.o(.data)
    Turn                                     0x20000038   Data           4  main.o(.data)
    i                                        0x2000003c   Data           4  main.o(.data)
    flag                                     0x20000040   Data           4  main.o(.data)
    damage                                   0x20000044   Data           4  main.o(.data)
    j                                        0x20000048   Data           4  main.o(.data)
    fnmu                                     0x2000004c   Data           4  main.o(.data)
    fnzu                                     0x20000050   Data           4  main.o(.data)
    P1HP                                     0x20000054   Data           4  main.o(.data)
    P2HP                                     0x20000058   Data           4  main.o(.data)
    tmp                                      0x2000005c   Data           4  main.o(.data)
    Bullet_1                                 0x20000060   Data           8  main.o(.data)
    Bullet_2                                 0x20000068   Data           8  main.o(.data)
    Bullet_2_Sel                             0x20000070   Data           8  main.o(.data)
    Bullet_3                                 0x20000078   Data           8  main.o(.data)
    Health                                   0x20000080   Data           8  main.o(.data)
    HP                                       0x20000088   Data           8  main.o(.data)
    Block1x1                                 0x20000090   Data           8  main.o(.data)
    Block1x2                                 0x20000098   Data           8  main.o(.data)
    Block1x3                                 0x200000a0   Data           8  main.o(.data)
    Block1x4                                 0x200000a8   Data           8  main.o(.data)
    Block1x5                                 0x200000b0   Data           8  main.o(.data)
    Block1x6                                 0x200000b8   Data           8  main.o(.data)
    Block1x7                                 0x200000c0   Data           8  main.o(.data)
    Block1x8                                 0x200000c8   Data           8  main.o(.data)
    wind_0                                   0x200000d0   Data           8  main.o(.data)
    wind_1                                   0x200000d8   Data           8  main.o(.data)
    wind_2                                   0x200000e0   Data           8  main.o(.data)
    wind_3                                   0x200000e8   Data           8  main.o(.data)
    wind_4                                   0x200000f0   Data           8  main.o(.data)
    slope_bmp                                0x200000f8   Data           8  main.o(.data)
    backgroundLeft                           0x20000100   Data         512  main.o(.data)
    backgroundRight                          0x20000300   Data         512  main.o(.data)
    P1_0                                     0x20000500   Data          32  main.o(.data)
    P1_1                                     0x20000520   Data          32  main.o(.data)
    P1_2                                     0x20000540   Data          32  main.o(.data)
    P1_3                                     0x20000560   Data          32  main.o(.data)
    P1_4                                     0x20000580   Data          32  main.o(.data)
    P1_5                                     0x200005a0   Data          32  main.o(.data)
    P1_6                                     0x200005c0   Data          32  main.o(.data)
    P1_7                                     0x200005e0   Data          32  main.o(.data)
    P1_8                                     0x20000600   Data          32  main.o(.data)
    P2_0                                     0x20000620   Data          32  main.o(.data)
    P2_1                                     0x20000640   Data          32  main.o(.data)
    P2_2                                     0x20000660   Data          32  main.o(.data)
    P2_3                                     0x20000680   Data          32  main.o(.data)
    P2_4                                     0x200006a0   Data          32  main.o(.data)
    P2_5                                     0x200006c0   Data          32  main.o(.data)
    P2_6                                     0x200006e0   Data          32  main.o(.data)
    P2_7                                     0x20000700   Data          32  main.o(.data)
    P2_8                                     0x20000720   Data          32  main.o(.data)
    Power_Image                              0x20000740   Data         512  main.o(.data)
    P1_Win_Left                              0x20000940   Data         512  main.o(.data)
    P1_Win_Right                             0x20000b40   Data         512  main.o(.data)
    P2_Win_Left                              0x20000d40   Data         512  main.o(.data)
    P2_Win_Right                             0x20000f40   Data         512  main.o(.data)
    Wind_Left                                0x20001140   Data         512  main.o(.data)
    Wind_Right                               0x20001340   Data         512  main.o(.data)
    Logo_Image_Left                          0x20001540   Data         512  main.o(.data)
    Logo_Image_Right                         0x20001740   Data         512  main.o(.data)
    Turn_P1                                  0x20001940   Data         512  main.o(.data)
    Turn_P2                                  0x20001b40   Data         512  main.o(.data)
    First_Left                               0x20001d40   Data         512  main.o(.data)
    First_Right                              0x20001f40   Data         512  main.o(.data)
    arrow                                    0x20002140   Data          32  main.o(.data)
    P1_Bullet                                0x20002168   Data          24  main.o(.bss)
    P2_Bullet                                0x20002180   Data          24  main.o(.bss)
    slope                                    0x20002198   Data         256  main.o(.bss)
    DisplayBuffer                            0x20002298   Data        1024  lcd.o(.bss)
    __initial_sp                             0x20002a98   Data           0  startup_nuc100series.o(STACK)



==============================================================================

Memory Map of the image

  Image Entry point : 0x000000f1

  Load Region LR_1 (Base: 0x00000000, Size: 0x00006478, Max: 0xffffffff, ABSOLUTE)

    Execution Region ER_RO (Exec base: 0x00000000, Load base: 0x00000000, Size: 0x00004310, Max: 0xffffffff, ABSOLUTE)

    Exec Addr    Load Addr    Size         Type   Attr      Idx    E Section Name        Object

    0x00000000   0x00000000   0x000000c0   Data   RO          114    RESET               startup_nuc100series.o
    0x000000c0   0x000000c0   0x00000000   Code   RO         1364  * .ARM.Collect$$$$00000000  mc_p.l(entry.o)
    0x000000c0   0x000000c0   0x00000004   Code   RO         1682    .ARM.Collect$$$$00000001  mc_p.l(entry2.o)
    0x000000c4   0x000000c4   0x00000004   Code   RO         1685    .ARM.Collect$$$$00000004  mc_p.l(entry5.o)
    0x000000c8   0x000000c8   0x00000000   Code   RO         1687    .ARM.Collect$$$$00000008  mc_p.l(entry7b.o)
    0x000000c8   0x000000c8   0x00000000   Code   RO         1689    .ARM.Collect$$$$0000000A  mc_p.l(entry8b.o)
    0x000000c8   0x000000c8   0x00000008   Code   RO         1690    .ARM.Collect$$$$0000000B  mc_p.l(entry9a.o)
    0x000000d0   0x000000d0   0x00000000   Code   RO         1692    .ARM.Collect$$$$0000000D  mc_p.l(entry10a.o)
    0x000000d0   0x000000d0   0x00000000   Code   RO         1694    .ARM.Collect$$$$0000000F  mc_p.l(entry11a.o)
    0x000000d0   0x000000d0   0x00000004   Code   RO         1683    .ARM.Collect$$$$00002712  mc_p.l(entry2.o)
    0x000000d4   0x000000d4   0x0000001c   Code   RO          622    .emb_text           retarget.o
    0x000000f0   0x000000f0   0x0000004c   Code   RO          115  * .text               startup_nuc100series.o
    0x0000013c   0x0000013c   0x0000002c   Code   RO         1365    .text               mc_p.l(uidiv.o)
    0x00000168   0x00000168   0x00000028   Code   RO         1367    .text               mc_p.l(idiv.o)
    0x00000190   0x00000190   0x00000024   Code   RO         1369    .text               mc_p.l(rand.o)
    0x000001b4   0x000001b4   0x00000024   Code   RO         1372    .text               mc_p.l(memcpya.o)
    0x000001d8   0x000001d8   0x000000b2   Code   RO         1639    .text               mf_p.l(fadd.o)
    0x0000028a   0x0000028a   0x0000007a   Code   RO         1641    .text               mf_p.l(fmul.o)
    0x00000304   0x00000304   0x0000007c   Code   RO         1643    .text               mf_p.l(fdiv.o)
    0x00000380   0x00000380   0x00000018   Code   RO         1645    .text               mf_p.l(fscalb.o)
    0x00000398   0x00000398   0x00000164   Code   RO         1647    .text               mf_p.l(dadd.o)
    0x000004fc   0x000004fc   0x000000d0   Code   RO         1649    .text               mf_p.l(dmul.o)
    0x000005cc   0x000005cc   0x00000016   Code   RO         1651    .text               mf_p.l(fflti.o)
    0x000005e2   0x000005e2   0x00000002   PAD
    0x000005e4   0x000005e4   0x00000028   Code   RO         1653    .text               mf_p.l(dflti.o)
    0x0000060c   0x0000060c   0x00000032   Code   RO         1655    .text               mf_p.l(ffixi.o)
    0x0000063e   0x0000063e   0x00000002   PAD
    0x00000640   0x00000640   0x00000048   Code   RO         1657    .text               mf_p.l(dfixi.o)
    0x00000688   0x00000688   0x00000028   Code   RO         1659    .text               mf_p.l(f2d.o)
    0x000006b0   0x000006b0   0x00000038   Code   RO         1661    .text               mf_p.l(d2f.o)
    0x000006e8   0x000006e8   0x00000060   Code   RO         1696    .text               mc_p.l(uldiv.o)
    0x00000748   0x00000748   0x00000020   Code   RO         1698    .text               mc_p.l(llshl.o)
    0x00000768   0x00000768   0x00000022   Code   RO         1700    .text               mc_p.l(llushr.o)
    0x0000078a   0x0000078a   0x00000026   Code   RO         1702    .text               mc_p.l(llsshr.o)
    0x000007b0   0x000007b0   0x00000000   Code   RO         1711    .text               mc_p.l(iusefp.o)
    0x000007b0   0x000007b0   0x00000082   Code   RO         1712    .text               mf_p.l(fepilogue.o)
    0x00000832   0x00000832   0x000000be   Code   RO         1714    .text               mf_p.l(depilogue.o)
    0x000008f0   0x000008f0   0x000000f0   Code   RO         1718    .text               mf_p.l(ddiv.o)
    0x000009e0   0x000009e0   0x0000002c   Code   RO         1720    .text               mf_p.l(dscalb.o)
    0x00000a0c   0x00000a0c   0x000000a2   Code   RO         1722    .text               mf_p.l(dsqrt.o)
    0x00000aae   0x00000aae   0x00000002   PAD
    0x00000ab0   0x00000ab0   0x00000028   Code   RO         1728    .text               mf_p.l(cdrcmple.o)
    0x00000ad8   0x00000ad8   0x00000024   Code   RO         1730    .text               mc_p.l(init.o)
    0x00000afc   0x00000afc   0x00000030   Code   RO          208    i.CLK_EnableModuleClock  clk.o
    0x00000b2c   0x00000b2c   0x00000198   Code   RO          209    i.CLK_EnablePLL     clk.o
    0x00000cc4   0x00000cc4   0x00000010   Code   RO          211    i.CLK_EnableXtalRC  clk.o
    0x00000cd4   0x00000cd4   0x00000010   Code   RO          213    i.CLK_GetHCLKFreq   clk.o
    0x00000ce4   0x00000ce4   0x00000058   Code   RO          349    i.CLK_GetPLLClockFreq  uart.o
    0x00000d3c   0x00000d3c   0x00000058   Code   RO          513    i.CLK_GetPLLClockFreq  spi.o
    0x00000d94   0x00000d94   0x00000078   Code   RO          219    i.CLK_SetCoreClock  clk.o
    0x00000e0c   0x00000e0c   0x00000048   Code   RO          220    i.CLK_SetHCLK       clk.o
    0x00000e54   0x00000e54   0x000000cc   Code   RO          221    i.CLK_SetModuleClock  clk.o
    0x00000f20   0x00000f20   0x00000024   Code   RO          777    i.CLK_SysTickDelay  main.o
    0x00000f44   0x00000f44   0x0000002c   Code   RO          223    i.CLK_WaitClockReady  clk.o
    0x00000f70   0x00000f70   0x00000028   Code   RO          483    i.GPIO_SetMode      gpio.o
    0x00000f98   0x00000f98   0x00000028   Code   RO          624    i.Hard_Fault_Handler  retarget.o
    0x00000fc0   0x00000fc0   0x00000018   Code   RO          778    i.Init_Bullet       main.o
    0x00000fd8   0x00000fd8   0x0000000c   Code   RO          779    i.Init_Hp           main.o
    0x00000fe4   0x00000fe4   0x0000003c   Code   RO          780    i.Init_Timer1       main.o
    0x00001020   0x00001020   0x00000014   Code   RO          781    i.Init_UART         main.o
    0x00001034   0x00001034   0x00000014   Code   RO          782    i.NextTurn          main.o
    0x00001048   0x00001048   0x000003f8   Code   RO          783    i.P1shut            main.o
    0x00001440   0x00001440   0x00000420   Code   RO          784    i.P2shut            main.o
    0x00001860   0x00001860   0x0000000a   Code   RO          518    i.SPI_DisableAutoSS  spi.o
    0x0000186a   0x0000186a   0x00000002   PAD
    0x0000186c   0x0000186c   0x0000016c   Code   RO          527    i.SPI_Open          spi.o
    0x000019d8   0x000019d8   0x000000b0   Code   RO         1041    i.SYS_Init          sys_init.o
    0x00001a88   0x00001a88   0x00000026   Code   RO          785    i.ScanDown          main.o
    0x00001aae   0x00001aae   0x00000002   PAD
    0x00001ab0   0x00001ab0   0x0000008c   Code   RO         1311    i.ScanKey           scankey.o
    0x00001b3c   0x00001b3c   0x00000028   Code   RO          786    i.ScreenFull        main.o
    0x00001b64   0x00001b64   0x00000020   Code   RO          627    i.SendChar_ToUART   retarget.o
    0x00001b84   0x00001b84   0x000000ac   Code   RO          787    i.Show_Hp           main.o
    0x00001c30   0x00001c30   0x00000014   Code   RO          788    i.Show_Logo         main.o
    0x00001c44   0x00001c44   0x00000150   Code   RO          789    i.Show_Power        main.o
    0x00001d94   0x00001d94   0x00000080   Code   RO          790    i.Show_Sel          main.o
    0x00001e14   0x00001e14   0x000000e0   Code   RO          791    i.Show_SelFirst     main.o
    0x00001ef4   0x00001ef4   0x00000154   Code   RO          792    i.Show_Throw_P1     main.o
    0x00002048   0x00002048   0x00000154   Code   RO          793    i.Show_Throw_P2     main.o
    0x0000219c   0x0000219c   0x00000050   Code   RO          794    i.Show_View_0       main.o
    0x000021ec   0x000021ec   0x0000006c   Code   RO          795    i.Show_Wind         main.o
    0x00002258   0x00002258   0x00000090   Code   RO            3    i.SystemCoreClockUpdate  system_nuc100series.o
    0x000022e8   0x000022e8   0x00000002   Code   RO            4    i.SystemInit        system_nuc100series.o
    0x000022ea   0x000022ea   0x00000002   PAD
    0x000022ec   0x000022ec   0x00000068   Code   RO          720    i.TIMER_GetModuleClock  timer.o
    0x00002354   0x00002354   0x0000005e   Code   RO          721    i.TIMER_Open        timer.o
    0x000023b2   0x000023b2   0x00000002   PAD
    0x000023b4   0x000023b4   0x000003c0   Code   RO          796    i.TMR1_IRQHandler   main.o
    0x00002774   0x00002774   0x00000088   Code   RO          356    i.UART_Open         uart.o
    0x000027fc   0x000027fc   0x00000020   Code   RO         1511    i.__0printf$5       mc_p.l(printf5.o)
    0x0000281c   0x0000281c   0x0000002e   Code   RO         1716    i.__ARM_clz         mf_p.l(depilogue.o)
    0x0000284a   0x0000284a   0x0000001a   Code   RO          940    i.__ARM_common_switch8  main.o
    0x00002864   0x00002864   0x0000002c   Code   RO         1677    i.__ARM_fpclassify  m_ps.l(fpclassify.o)
    0x00002890   0x00002890   0x000000ac   Code   RO         1679    i.__kernel_poly     m_ps.l(poly.o)
    0x0000293c   0x0000293c   0x00000014   Code   RO         1663    i.__mathlib_dbl_divzero  m_ps.l(dunder.o)
    0x00002950   0x00002950   0x00000008   Code   RO         1665    i.__mathlib_dbl_infnan2  m_ps.l(dunder.o)
    0x00002958   0x00002958   0x00000010   Code   RO         1666    i.__mathlib_dbl_invalid  m_ps.l(dunder.o)
    0x00002968   0x00002968   0x00000014   Code   RO         1667    i.__mathlib_dbl_overflow  m_ps.l(dunder.o)
    0x0000297c   0x0000297c   0x00000014   Code   RO         1669    i.__mathlib_dbl_underflow  m_ps.l(dunder.o)
    0x00002990   0x00002990   0x0000000e   Code   RO         1734    i.__scatterload_copy  mc_p.l(handlers.o)
    0x0000299e   0x0000299e   0x00000002   Code   RO         1735    i.__scatterload_null  mc_p.l(handlers.o)
    0x000029a0   0x000029a0   0x0000000e   Code   RO         1736    i.__scatterload_zeroinit  mc_p.l(handlers.o)
    0x000029ae   0x000029ae   0x00000002   PAD
    0x000029b0   0x000029b0   0x0000000c   Code   RO         1706    i.__set_errno       mc_p.l(errno.o)
    0x000029bc   0x000029bc   0x000002dc   Code   RO         1518    i._printf_core      mc_p.l(printf5.o)
    0x00002c98   0x00002c98   0x00000110   Code   RO          797    i.anslope_aim       main.o
    0x00002da8   0x00002da8   0x00000048   Code   RO          798    i.arrayToBmp8X8     main.o
    0x00002df0   0x00002df0   0x0000003a   Code   RO          799    i.cal               main.o
    0x00002e2a   0x00002e2a   0x00000002   PAD
    0x00002e2c   0x00002e2c   0x00000054   Code   RO         1113    i.clear_LCD         lcd.o
    0x00002e80   0x00002e80   0x00000066   Code   RO         1115    i.draw_Bmp16x16     lcd.o
    0x00002ee6   0x00002ee6   0x00000084   Code   RO         1127    i.draw_Bmp64x64     lcd.o
    0x00002f6a   0x00002f6a   0x0000004a   Code   RO         1129    i.draw_Bmp8x8       lcd.o
    0x00002fb4   0x00002fb4   0x00000048   Code   RO         1131    i.draw_Pixel        lcd.o
    0x00002ffc   0x00002ffc   0x0000000c   Code   RO          631    i.fputc             retarget.o
    0x00003008   0x00003008   0x00000026   Code   RO         1132    i.init_LCD          lcd.o
    0x0000302e   0x0000302e   0x00000002   PAD
    0x00003030   0x00003030   0x00000024   Code   RO         1133    i.init_SPI3         lcd.o
    0x00003054   0x00003054   0x00000070   Code   RO         1134    i.lcdSetAddr        lcd.o
    0x000030c4   0x000030c4   0x00000028   Code   RO         1135    i.lcdWriteCommand   lcd.o
    0x000030ec   0x000030ec   0x0000002c   Code   RO         1136    i.lcdWriteData      lcd.o
    0x00003118   0x00003118   0x000004c4   Code   RO          800    i.main              main.o
    0x000035dc   0x000035dc   0x000009fc   Code   RO         1347    i.pow               m_ps.l(pow.o)
    0x00003fd8   0x00003fd8   0x00000110   Code   RO          801    i.slope_aim         main.o
    0x000040e8   0x000040e8   0x00000048   Code   RO         1357    i.sqrt              m_ps.l(sqrt.o)
    0x00004130   0x00004130   0x000000a8   Code   RO          633    i.stackDump         retarget.o
    0x000041d8   0x000041d8   0x00000038   Data   RO          224    .constdata          clk.o
    0x00004210   0x00004210   0x00000030   Data   RO          364    .constdata          uart.o
    0x00004240   0x00004240   0x00000020   Data   RO          722    .constdata          timer.o
    0x00004260   0x00004260   0x00000088   Data   RO         1348    .constdata          m_ps.l(pow.o)
    0x000042e8   0x000042e8   0x00000008   Data   RO         1681    .constdata          m_ps.l(qnan.o)
    0x000042f0   0x000042f0   0x00000020   Data   RO         1732    Region$$Table       anon$$obj.o


    Execution Region ER_RW (Exec base: 0x20000000, Load base: 0x00004310, Size: 0x00002168, Max: 0xffffffff, ABSOLUTE)

    Exec Addr    Load Addr    Size         Type   Attr      Idx    E Section Name        Object

    0x20000000   0x00004310   0x0000002c   Data   RW            5    .data               system_nuc100series.o
    0x2000002c   0x0000433c   0x00000004   Data   RW          634    .data               retarget.o
    0x20000030   0x00004340   0x00002130   Data   RW          805    .data               main.o
    0x20002160   0x00006470   0x00000004   Data   RW         1370    .data               mc_p.l(rand.o)
    0x20002164   0x00006474   0x00000004   Data   RW         1707    .data               mc_p.l(errno.o)


    Execution Region ER_ZI (Exec base: 0x20002168, Load base: 0x00006478, Size: 0x00000930, Max: 0xffffffff, ABSOLUTE)

    Exec Addr    Load Addr    Size         Type   Attr      Idx    E Section Name        Object

    0x20002168        -       0x00000130   Zero   RW          802    .bss                main.o
    0x20002298        -       0x00000400   Zero   RW         1142    .bss                lcd.o
    0x20002698        -       0x00000400   Zero   RW          112    STACK               startup_nuc100series.o


==============================================================================

Image component sizes


      Code (inc. data)   RO Data    RW Data    ZI Data      Debug   Object Name

       928        126         56          0          0       7140   clk.o
        40          0          0          0          0       1123   gpio.o
       734         34          0          0       1024       9821   lcd.o
      6950        372          0       8496        304     124043   main.o
       280        132          0          4          0       5066   retarget.o
       140          4          0          0          0        842   scankey.o
       462         34          0          0          0       3183   spi.o
        76         32        192          0       1024        788   startup_nuc100series.o
       176         20          0          0          0      35251   sys_init.o
       146         26          0         44          0     118415   system_nuc100series.o
       198         22         32          0          0       2172   timer.o
       224         34         48          0          0      94256   uart.o

    ----------------------------------------------------------------------
     10366        836        360       8544       2352     402100   Object Totals
         0          0         32          0          0          0   (incl. Generated)
        12          0          0          0          0          0   (incl. Padding)

    ----------------------------------------------------------------------

      Code (inc. data)   RO Data    RW Data    ZI Data      Debug   Library Member Name

        84         14          0          0          0        340   dunder.o
        44          4          0          0          0         60   fpclassify.o
       172          0          0          0          0         76   poly.o
      2556        196        136          0          0        240   pow.o
         0          0          8          0          0          0   qnan.o
        72          6          0          0          0         76   sqrt.o
         0          0          0          0          0          0   entry.o
         0          0          0          0          0          0   entry10a.o
         0          0          0          0          0          0   entry11a.o
         8          4          0          0          0          0   entry2.o
         4          0          0          0          0          0   entry5.o
         0          0          0          0          0          0   entry7b.o
         0          0          0          0          0          0   entry8b.o
         8          4          0          0          0          0   entry9a.o
        12          6          0          4          0         60   errno.o
        30          0          0          0          0          0   handlers.o
        40          0          0          0          0         72   idiv.o
        36          8          0          0          0         68   init.o
         0          0          0          0          0          0   iusefp.o
        32          0          0          0          0         68   llshl.o
        38          0          0          0          0         68   llsshr.o
        34          0          0          0          0         68   llushr.o
        36          0          0          0          0         60   memcpya.o
       764         52          0          0          0        168   printf5.o
        36         12          0          4          0        120   rand.o
        44          0          0          0          0         72   uidiv.o
        96          0          0          0          0         84   uldiv.o
        40          2          0          0          0         68   cdrcmple.o
        56          0          0          0          0         68   d2f.o
       356          4          0          0          0        140   dadd.o
       240          6          0          0          0         84   ddiv.o
       236          0          0          0          0        216   depilogue.o
        72         10          0          0          0         72   dfixi.o
        40          6          0          0          0         68   dflti.o
       208          6          0          0          0         88   dmul.o
        44          0          0          0          0         72   dscalb.o
       162          0          0          0          0         80   dsqrt.o
        40          0          0          0          0         60   f2d.o
       178          0          0          0          0        108   fadd.o
       124          0          0          0          0         72   fdiv.o
       130          0          0          0          0        144   fepilogue.o
        50          0          0          0          0         60   ffixi.o
        22          0          0          0          0         68   fflti.o
       122          0          0          0          0         72   fmul.o
        24          0          0          0          0         60   fscalb.o

    ----------------------------------------------------------------------
      6298        340        144          8          0       3300   Library Totals
         8          0          0          0          0          0   (incl. Padding)

    ----------------------------------------------------------------------

      Code (inc. data)   RO Data    RW Data    ZI Data      Debug   Library Name

      2928        220        144          0          0        792   m_ps.l
      1218         86          0          8          0        908   mc_p.l
      2144         34          0          0          0       1600   mf_p.l

    ----------------------------------------------------------------------
      6298        340        144          8          0       3300   Library Totals

    ----------------------------------------------------------------------

==============================================================================


      Code (inc. data)   RO Data    RW Data    ZI Data      Debug   

     16664       1176        504       8552       2352     401224   Grand Totals
     16664       1176        504       8552       2352     401224   ELF Image Totals
     16664       1176        504       8552          0          0   ROM Totals

==============================================================================

    Total RO  Size (Code + RO Data)                17168 (  16.77kB)
    Total RW  Size (RW Data + ZI Data)             10904 (  10.65kB)
    Total ROM Size (Code + RO Data + RW Data)      25720 (  25.12kB)

==============================================================================

