<html>
<body>
<pre>
<h1>µVision Build Log</h1>
<h2>Tool Versions:</h2>
IDE-Version: £gVision V5.24.2.0
Copyright (C) 2017 ARM Ltd and ARM Germany GmbH. All rights reserved.
License Information: cow user, cow, LIC=----
 
Tool Versions:
Toolchain:       MDK-Lite  Version: 5.24.1
Toolchain Path:  C:\Keil_v5\ARM\ARMCC\Bin
C Compiler:      Armcc.exe V5.06 update 5 (build 528)
Assembler:       Armasm.exe V5.06 update 5 (build 528)
Linker/Locator:  ArmLink.exe V5.06 update 5 (build 528)
Library Manager: ArmAr.exe V5.06 update 5 (build 528)
Hex Converter:   FromElf.exe V5.06 update 5 (build 528)
CPU DLL:         SARMCM3.DLL V5.24.1
Dialog DLL:      DARMCM1.DLL V1.18.0.0
Target DLL:      Nu_Link.dll V2.02
Dialog DLL:      TARMCM1.DLL V1.13.0.0
 
<h2>Project:</h2>
C:\Users\user\Desktop\¡@¡@¡@¡@¡@¡@¡@¡@¡@¡@\55556\sss\finialProject\c13¤¤Â_\Nu-LB-NUC140_BSP3.00.004_v1.2\SampleCode\Nu-LB-NUC140\UART0_RX\KEIL\Nu-LB-NUC140_UART0_RX.uvproj
Project File Date:  04/18/2019

<h2>Output:</h2>
*** Using Compiler 'V5.06 update 5 (build 528)', folder: 'C:\Keil_v5\ARM\ARMCC\Bin'
Build target 'UART'
creating preprocessor file for system_NUC100Series.c...
creating preprocessor file for sys.c...
creating preprocessor file for clk.c...
creating preprocessor file for uart.c...
creating preprocessor file for gpio.c...
creating preprocessor file for spi.c...
creating preprocessor file for retarget.c...
creating preprocessor file for timer.c...
creating preprocessor file for main.c...
creating preprocessor file for SYS_init.c...
creating preprocessor file for LCD.c...
creating preprocessor file for Scankey.c...
linking...
Program Size: Code=16664 RO-data=504 RW-data=8552 ZI-data=2352  
After Build - User command #1: fromelf --bin ".\obj\UART0_RX.axf" --output ".\obj\UART0_RX.bin"
After Build - User command #2: fromelf --text -c ".\obj\UART0_RX.axf" --output ".\obj\UART0_RX.txt"
".\obj\UART0_RX.axf" - 0 Error(s), 0 Warning(s).
Build Time Elapsed:  00:00:02
</pre>
</body>
</html>
